{"logTime": "0401/170457", "correlationVector":"VA392DnNVeDsDDUUGTRsxh.202","action":"GetUpdates", "result":"DeleteReceived", "context":{"id":"69a10d17-ff29-436e-8fdb-1be693ee6453", "isDeleted:":"true", "version":"1710339296940"}}
{"logTime": "0401/170457", "correlationVector":"VA392DnNVeDsDDUUGTRsxh.203","action":"GetUpdates", "result":"DeleteReceived", "context":{"id":"890a6e16-610a-4a9b-92dc-5f8729bd9585", "isDeleted:":"true", "version":"1710340811984"}}
{"logTime": "0401/170457", "correlationVector":"VA392DnNVeDsDDUUGTRsxh.204","action":"GetUpdates", "result":"DeleteReceived", "context":{"id":"a86924c4-9d1d-4337-af56-3cf9a7ab5596", "isDeleted:":"true", "version":"1710342261931"}}
{"logTime": "0401/170457", "correlationVector":"VA392DnNVeDsDDUUGTRsxh.205","action":"GetUpdates", "result":"DeleteReceived", "context":{"id":"3652f53b-39d4-48f9-a8ae-db44993fe0ca", "isDeleted:":"true", "version":"1710343536905"}}
{"logTime": "0401/170457", "correlationVector":"VA392DnNVeDsDDUUGTRsxh.206","action":"GetUpdates", "result":"DeleteReceived", "context":{"id":"b3a91e39-87f0-4e64-bd9b-1a03c797f24c", "isDeleted:":"true", "version":"1710343640880"}}
{"logTime": "0401/170457", "correlationVector":"VA392DnNVeDsDDUUGTRsxh.207","action":"GetUpdates", "result":"DeleteReceived", "context":{"id":"f022a382-a2d5-4dd1-b49e-a8578ca94abd", "isDeleted:":"true", "version":"1710343640881"}}
{"logTime": "0401/170457", "correlationVector":"VA392DnNVeDsDDUUGTRsxh.208","action":"GetUpdates", "result":"DeleteReceived", "context":{"id":"4108fd1f-a56d-4001-9aa9-d8c264f40c83", "isDeleted:":"true", "version":"1710343640882"}}
{"logTime": "0401/170457", "correlationVector":"VA392DnNVeDsDDUUGTRsxh.209","action":"GetUpdates", "result":"DeleteReceived", "context":{"id":"5a3e3be2-34c5-41dd-8c1a-784a2a001f9a", "isDeleted:":"true", "version":"1710343640884"}}
{"logTime": "0401/170457", "correlationVector":"VA392DnNVeDsDDUUGTRsxh.210","action":"GetUpdates", "result":"DeleteReceived", "context":{"id":"0ec1875b-de93-45c4-a146-1a9798c435e5", "isDeleted:":"true", "version":"1710344265050"}}
{"logTime": "0401/170457", "correlationVector":"VA392DnNVeDsDDUUGTRsxh.211","action":"GetUpdates", "result":"DeleteReceived", "context":{"id":"5e268c6e-9978-42b1-a3a1-13034cc0e3d7", "isDeleted:":"true", "version":"1710387362631"}}
{"logTime": "0401/170457", "correlationVector":"VA392DnNVeDsDDUUGTRsxh.212","action":"GetUpdates", "result":"DeleteReceived", "context":{"id":"fd2d4630-5c0a-49db-8d1b-37bee09499c0", "isDeleted:":"true", "version":"1710387362632"}}
{"logTime": "0401/170457", "correlationVector":"VA392DnNVeDsDDUUGTRsxh.213","action":"GetUpdates", "result":"DeleteReceived", "context":{"id":"89de4b37-d95c-4066-b7e8-fc7b9803c43a", "isDeleted:":"true", "version":"1710387362633"}}
{"logTime": "0401/170457", "correlationVector":"VA392DnNVeDsDDUUGTRsxh.214","action":"GetUpdates", "result":"DeleteReceived", "context":{"id":"c368f280-f7e9-4c36-afdf-90dbd74843c4", "isDeleted:":"true", "version":"1710387362634"}}
{"logTime": "0401/170457", "correlationVector":"VA392DnNVeDsDDUUGTRsxh.215","action":"GetUpdates", "result":"DeleteReceived", "context":{"id":"07b2dfdf-91af-430c-8c59-b417868e376b", "isDeleted:":"true", "version":"1710395265413"}}
{"logTime": "0401/170457", "correlationVector":"VA392DnNVeDsDDUUGTRsxh.216","action":"GetUpdates", "result":"DeleteReceived", "context":{"id":"91e183d5-1b2c-4fd7-90da-b913553a266c", "isDeleted:":"true", "version":"1710429509991"}}
{"logTime": "0401/170457", "correlationVector":"VA392DnNVeDsDDUUGTRsxh.217","action":"GetUpdates", "result":"DeleteReceived", "context":{"id":"94196b9f-7614-48d9-b33b-490684b937ad", "isDeleted:":"true", "version":"1710429509992"}}
{"logTime": "0401/170457", "correlationVector":"VA392DnNVeDsDDUUGTRsxh.218","action":"GetUpdates", "result":"DeleteReceived", "context":{"id":"307b5c4b-9081-41e5-8cd9-34a4e767f927", "isDeleted:":"true", "version":"1710466270453"}}
{"logTime": "0401/170457", "correlationVector":"VA392DnNVeDsDDUUGTRsxh.219","action":"GetUpdates", "result":"DeleteReceived", "context":{"id":"8a14b4b9-d09c-4bd5-bf9e-4af8b0967756", "isDeleted:":"true", "version":"1710466270455"}}
{"logTime": "0401/170457", "correlationVector":"VA392DnNVeDsDDUUGTRsxh.220","action":"GetUpdates", "result":"DeleteReceived", "context":{"id":"2a04e389-4635-4eba-b766-09cc45834ded", "isDeleted:":"true", "version":"1710466270456"}}
{"logTime": "0401/170457", "correlationVector":"VA392DnNVeDsDDUUGTRsxh.221","action":"GetUpdates", "result":"DeleteReceived", "context":{"id":"a59ba010-0337-41ea-a32f-5bb0f36156e2", "isDeleted:":"true", "version":"1710466270457"}}
{"logTime": "0401/170457", "correlationVector":"VA392DnNVeDsDDUUGTRsxh.222","action":"GetUpdates", "result":"DeleteReceived", "context":{"id":"59a37f73-0365-465c-b0ff-f74e14a927ea", "isDeleted:":"true", "version":"1710492345897"}}
{"logTime": "0401/170457", "correlationVector":"VA392DnNVeDsDDUUGTRsxh.223","action":"GetUpdates", "result":"DeleteReceived", "context":{"id":"0bcef0e9-1fa9-4b5a-a3b0-759d670dd0c9", "isDeleted:":"true", "version":"1710500249965"}}
{"logTime": "0401/170457", "correlationVector":"VA392DnNVeDsDDUUGTRsxh.224","action":"GetUpdates", "result":"DeleteReceived", "context":{"id":"d131d473-6752-4da1-8d3a-de176f4b382d", "isDeleted:":"true", "version":"1710500249967"}}
{"logTime": "0401/170457", "correlationVector":"VA392DnNVeDsDDUUGTRsxh.225","action":"GetUpdates", "result":"DeleteReceived", "context":{"id":"4cb58421-9b97-4cbd-b326-a306e52e8561", "isDeleted:":"true", "version":"1710502598923"}}
{"logTime": "0401/170457", "correlationVector":"VA392DnNVeDsDDUUGTRsxh.226","action":"GetUpdates", "result":"DeleteReceived", "context":{"id":"7c5b94bc-3620-499d-97e4-155ab32d70d1", "isDeleted:":"true", "version":"1710505056856"}}
{"logTime": "0401/170457", "correlationVector":"VA392DnNVeDsDDUUGTRsxh.227","action":"GetUpdates", "result":"DeleteReceived", "context":{"id":"87b9b576-161b-4fba-876f-48554b894015", "isDeleted:":"true", "version":"1710505056857"}}
{"logTime": "0401/170457", "correlationVector":"VA392DnNVeDsDDUUGTRsxh.228","action":"GetUpdates Response", "result":"Success", "context":Received 250 update(s). cV=VA392DnNVeDsDDUUGTRsxh.0;server=GENERAL0100000O;cloudType=Consumer;environment=Prod_SoutheastAsia_000j;migrationStage=NotStarted Some updates remain.}
{"logTime": "0401/170457", "correlationVector":"4aDg9wjTD7vw/CkWUz3gdY","action":"Initial GetUpdates", "result":"", "context":Reason: RECONFIGURATION. cV=4aDg9wjTD7vw/CkWUz3gdY}
{"logTime": "0401/170458", "correlationVector":"4aDg9wjTD7vw/CkWUz3gdY.1","action":"SyncServerConnectionManagerRequest", "result":"SYNC_SERVER_OK", "context":{"environment":"Prod_SoutheastAsia_000j", "migrationStage":"NotStarted", "server":"GENERAL0300002E"}}
{"logTime": "0401/170458", "correlationVector":"4aDg9wjTD7vw/CkWUz3gdY.2","action":"GetUpdates", "result":"DeleteReceived", "context":{"id":"e997241b-6196-4e78-8704-46e93c1cc0ad", "isDeleted:":"true", "version":"1710505056858"}}
{"logTime": "0401/170458", "correlationVector":"4aDg9wjTD7vw/CkWUz3gdY.3","action":"GetUpdates", "result":"DeleteReceived", "context":{"id":"3bd3d78b-5101-46bc-9e10-ed5b1bc5e283", "isDeleted:":"true", "version":"1710509599179"}}
{"logTime": "0401/170458", "correlationVector":"4aDg9wjTD7vw/CkWUz3gdY.4","action":"GetUpdates", "result":"DeleteReceived", "context":{"id":"f2d90f1c-f31e-4bdb-b4f3-42d57ffa1a5a", "isDeleted:":"true", "version":"1710575259914"}}
{"logTime": "0401/170458", "correlationVector":"4aDg9wjTD7vw/CkWUz3gdY.5","action":"GetUpdates", "result":"DeleteReceived", "context":{"id":"e85fd52c-4bfd-4960-8cb2-fca4c2324be9", "isDeleted:":"true", "version":"1710592800391"}}
{"logTime": "0401/170458", "correlationVector":"4aDg9wjTD7vw/CkWUz3gdY.6","action":"GetUpdates", "result":"DeleteReceived", "context":{"id":"8cd023b0-a91b-4d4d-a215-d705f56d009c", "isDeleted:":"true", "version":"1710592800392"}}
{"logTime": "0401/170458", "correlationVector":"4aDg9wjTD7vw/CkWUz3gdY.7","action":"GetUpdates", "result":"DeleteReceived", "context":{"id":"0182bbdd-251f-4555-8816-7ba23c0c5491", "isDeleted:":"true", "version":"1710592800393"}}
{"logTime": "0401/170458", "correlationVector":"4aDg9wjTD7vw/CkWUz3gdY.8","action":"GetUpdates", "result":"DeleteReceived", "context":{"id":"0ccfb0e3-8244-41f7-9f1c-f8cdecb71b0f", "isDeleted:":"true", "version":"1710592800395"}}
{"logTime": "0401/170458", "correlationVector":"4aDg9wjTD7vw/CkWUz3gdY.9","action":"GetUpdates", "result":"DeleteReceived", "context":{"id":"4693b7aa-1b31-426c-b7cb-0bcda8493d58", "isDeleted:":"true", "version":"1710604963838"}}
{"logTime": "0401/170458", "correlationVector":"4aDg9wjTD7vw/CkWUz3gdY.10","action":"GetUpdates", "result":"DeleteReceived", "context":{"id":"5acd6b09-2084-45f1-bf1d-f1392eb5b32a", "isDeleted:":"true", "version":"1710605080269"}}
{"logTime": "0401/170458", "correlationVector":"4aDg9wjTD7vw/CkWUz3gdY.11","action":"GetUpdates", "result":"DeleteReceived", "context":{"id":"7c8cc645-4f93-4763-ac0b-cc5642e6ef34", "isDeleted:":"true", "version":"1710620715675"}}
{"logTime": "0401/170458", "correlationVector":"4aDg9wjTD7vw/CkWUz3gdY.12","action":"GetUpdates", "result":"DeleteReceived", "context":{"id":"314689ca-b803-4911-a5e5-fffd0a027053", "isDeleted:":"true", "version":"1710620715676"}}
{"logTime": "0401/170458", "correlationVector":"4aDg9wjTD7vw/CkWUz3gdY.13","action":"GetUpdates", "result":"DeleteReceived", "context":{"id":"7132a98a-003a-4a0e-b1be-868df8aed93e", "isDeleted:":"true", "version":"1710620715677"}}
{"logTime": "0401/170458", "correlationVector":"4aDg9wjTD7vw/CkWUz3gdY.14","action":"GetUpdates", "result":"DeleteReceived", "context":{"id":"c86c8f1a-8e6e-4778-ba9a-dfc1f771ed18", "isDeleted:":"true", "version":"1710650982338"}}
{"logTime": "0401/170458", "correlationVector":"4aDg9wjTD7vw/CkWUz3gdY.15","action":"GetUpdates", "result":"DeleteReceived", "context":{"id":"587cba7d-4e8c-42eb-a904-077913f8a10b", "isDeleted:":"true", "version":"1710650982339"}}
{"logTime": "0401/170458", "correlationVector":"4aDg9wjTD7vw/CkWUz3gdY.16","action":"GetUpdates", "result":"DeleteReceived", "context":{"id":"c1df00fa-b1a6-4e4d-a918-432d7ba8a176", "isDeleted:":"true", "version":"1710650982340"}}
{"logTime": "0401/170458", "correlationVector":"4aDg9wjTD7vw/CkWUz3gdY.17","action":"GetUpdates", "result":"DeleteReceived", "context":{"id":"25ad048a-a169-488a-92b7-e27ce7b7d9e2", "isDeleted:":"true", "version":"1710650982341"}}
{"logTime": "0401/170458", "correlationVector":"4aDg9wjTD7vw/CkWUz3gdY.18","action":"GetUpdates", "result":"DeleteReceived", "context":{"id":"e5b7122a-eefa-41e7-a3e3-d092af246ac5", "isDeleted:":"true", "version":"1710651345640"}}
{"logTime": "0401/170458", "correlationVector":"4aDg9wjTD7vw/CkWUz3gdY.19","action":"GetUpdates", "result":"DeleteReceived", "context":{"id":"403f9aa0-dd95-4b31-ad5e-ed52ea530f65", "isDeleted:":"true", "version":"1710694368923"}}
{"logTime": "0401/170458", "correlationVector":"4aDg9wjTD7vw/CkWUz3gdY.20","action":"GetUpdates", "result":"DeleteReceived", "context":{"id":"2edc5103-1672-4cdc-8bff-f70d5c701575", "isDeleted:":"true", "version":"1710694368924"}}
{"logTime": "0401/170458", "correlationVector":"4aDg9wjTD7vw/CkWUz3gdY.21","action":"GetUpdates", "result":"DeleteReceived", "context":{"id":"28c79af1-16ec-41d5-9624-41608b00bcec", "isDeleted:":"true", "version":"1710731246210"}}
{"logTime": "0401/170458", "correlationVector":"4aDg9wjTD7vw/CkWUz3gdY.22","action":"GetUpdates", "result":"DeleteReceived", "context":{"id":"f1022b77-e2dc-4850-8e64-d28c6e64d8d7", "isDeleted:":"true", "version":"1710740305060"}}
{"logTime": "0401/170458", "correlationVector":"4aDg9wjTD7vw/CkWUz3gdY.23","action":"GetUpdates", "result":"DeleteReceived", "context":{"id":"0cb78c3d-9930-408e-98ed-5cb9b8c91c30", "isDeleted:":"true", "version":"1710752427446"}}
{"logTime": "0401/170458", "correlationVector":"4aDg9wjTD7vw/CkWUz3gdY.24","action":"GetUpdates", "result":"DeleteReceived", "context":{"id":"2d995450-e9c9-4e16-be0b-9a503fb39008", "isDeleted:":"true", "version":"1710752427447"}}
{"logTime": "0401/170458", "correlationVector":"4aDg9wjTD7vw/CkWUz3gdY.25","action":"GetUpdates", "result":"DeleteReceived", "context":{"id":"1d568c6b-e00d-4ae0-a428-8cdf8dc9055c", "isDeleted:":"true", "version":"1710752427448"}}
{"logTime": "0401/170458", "correlationVector":"4aDg9wjTD7vw/CkWUz3gdY.26","action":"GetUpdates", "result":"DeleteReceived", "context":{"id":"749273c7-3752-430a-9152-0a4eba550b73", "isDeleted:":"true", "version":"1710752427450"}}
{"logTime": "0401/170458", "correlationVector":"4aDg9wjTD7vw/CkWUz3gdY.27","action":"GetUpdates", "result":"DeleteReceived", "context":{"id":"c15d3ba4-fc73-4129-a5de-8a46ad0ba821", "isDeleted:":"true", "version":"1710753487591"}}
{"logTime": "0401/170458", "correlationVector":"4aDg9wjTD7vw/CkWUz3gdY.28","action":"GetUpdates", "result":"DeleteReceived", "context":{"id":"a58c678a-e36b-4248-aa95-a58249841006", "isDeleted:":"true", "version":"1710753487592"}}
{"logTime": "0401/170458", "correlationVector":"4aDg9wjTD7vw/CkWUz3gdY.29","action":"GetUpdates", "result":"DeleteReceived", "context":{"id":"99fb8365-51ad-4911-8866-8486cc97b761", "isDeleted:":"true", "version":"1710754273367"}}
{"logTime": "0401/170458", "correlationVector":"4aDg9wjTD7vw/CkWUz3gdY.30","action":"GetUpdates", "result":"DeleteReceived", "context":{"id":"16090204-676a-4528-bad3-63088fa28bda", "isDeleted:":"true", "version":"1710759271392"}}
{"logTime": "0401/170458", "correlationVector":"4aDg9wjTD7vw/CkWUz3gdY.31","action":"GetUpdates", "result":"DeleteReceived", "context":{"id":"4b1f12b2-4fb2-4e88-b443-d4121b28ea90", "isDeleted:":"true", "version":"1710759271393"}}
{"logTime": "0401/170458", "correlationVector":"4aDg9wjTD7vw/CkWUz3gdY.32","action":"GetUpdates", "result":"DeleteReceived", "context":{"id":"f8726416-033f-476e-9e20-f8a8b4e22369", "isDeleted:":"true", "version":"1710759271394"}}
{"logTime": "0401/170458", "correlationVector":"4aDg9wjTD7vw/CkWUz3gdY.33","action":"GetUpdates", "result":"DeleteReceived", "context":{"id":"303113cc-c4be-4789-a961-696039ce9f26", "isDeleted:":"true", "version":"1710759271395"}}
{"logTime": "0401/170458", "correlationVector":"4aDg9wjTD7vw/CkWUz3gdY.34","action":"GetUpdates", "result":"DeleteReceived", "context":{"id":"2a6c1071-82b5-4070-846e-28d088619463", "isDeleted:":"true", "version":"1710759271396"}}
{"logTime": "0401/170458", "correlationVector":"4aDg9wjTD7vw/CkWUz3gdY.35","action":"GetUpdates", "result":"DeleteReceived", "context":{"id":"18556e7b-6dc7-4932-bfc0-1cc66dc2155f", "isDeleted:":"true", "version":"1710759931836"}}
{"logTime": "0401/170458", "correlationVector":"4aDg9wjTD7vw/CkWUz3gdY.36","action":"GetUpdates", "result":"DeleteReceived", "context":{"id":"95bf89a6-96f1-4a3e-bb7a-8b4060d52413", "isDeleted:":"true", "version":"1710759931837"}}
{"logTime": "0401/170458", "correlationVector":"4aDg9wjTD7vw/CkWUz3gdY.37","action":"GetUpdates", "result":"DeleteReceived", "context":{"id":"13f934f9-cc8f-409f-8494-74567f7d7c8f", "isDeleted:":"true", "version":"1710771513388"}}
{"logTime": "0401/170458", "correlationVector":"4aDg9wjTD7vw/CkWUz3gdY.38","action":"GetUpdates", "result":"DeleteReceived", "context":{"id":"cf89db9e-2fc1-4bfb-967f-939b0c401c66", "isDeleted:":"true", "version":"1710771513389"}}
{"logTime": "0401/170458", "correlationVector":"4aDg9wjTD7vw/CkWUz3gdY.39","action":"GetUpdates", "result":"DeleteReceived", "context":{"id":"a26bb8f8-8432-4501-8de1-1c52c33e0a3c", "isDeleted:":"true", "version":"1710771513390"}}
{"logTime": "0401/170458", "correlationVector":"4aDg9wjTD7vw/CkWUz3gdY.40","action":"GetUpdates", "result":"DeleteReceived", "context":{"id":"edf81290-ecdb-4a5e-b0fe-bd34fe0271f6", "isDeleted:":"true", "version":"1710771513391"}}
{"logTime": "0401/170458", "correlationVector":"4aDg9wjTD7vw/CkWUz3gdY.41","action":"GetUpdates", "result":"DeleteReceived", "context":{"id":"f47052fa-58d5-4e6f-a638-4a200ba34299", "isDeleted:":"true", "version":"1710771513392"}}
{"logTime": "0401/170458", "correlationVector":"4aDg9wjTD7vw/CkWUz3gdY.42","action":"GetUpdates", "result":"DeleteReceived", "context":{"id":"5300fa7e-40dd-4c71-bd5d-9916cf3c4f82", "isDeleted:":"true", "version":"1710830480245"}}
{"logTime": "0401/170458", "correlationVector":"4aDg9wjTD7vw/CkWUz3gdY.43","action":"GetUpdates", "result":"DeleteReceived", "context":{"id":"6168ce83-9ca1-46a2-8cb3-4c49a9a8473e", "isDeleted:":"true", "version":"1710830827244"}}
{"logTime": "0401/170458", "correlationVector":"4aDg9wjTD7vw/CkWUz3gdY.44","action":"GetUpdates", "result":"DeleteReceived", "context":{"id":"ac857553-cb37-4f24-ac45-8e5adfc7f04f", "isDeleted:":"true", "version":"1710830827245"}}
{"logTime": "0401/170458", "correlationVector":"4aDg9wjTD7vw/CkWUz3gdY.45","action":"GetUpdates", "result":"DeleteReceived", "context":{"id":"17a0054d-194b-440e-aeb6-7f71f29ed99e", "isDeleted:":"true", "version":"1710830827246"}}
{"logTime": "0401/170458", "correlationVector":"4aDg9wjTD7vw/CkWUz3gdY.46","action":"GetUpdates", "result":"DeleteReceived", "context":{"id":"67d8c78c-26cc-4adb-ac17-e2f6e9702bec", "isDeleted:":"true", "version":"1710830827247"}}
{"logTime": "0401/170458", "correlationVector":"4aDg9wjTD7vw/CkWUz3gdY.47","action":"GetUpdates", "result":"DeleteReceived", "context":{"id":"222780d8-d4d0-4e4d-bae9-4b20191fa6c6", "isDeleted:":"true", "version":"1710830827248"}}
{"logTime": "0401/170458", "correlationVector":"4aDg9wjTD7vw/CkWUz3gdY.48","action":"GetUpdates", "result":"DeleteReceived", "context":{"id":"0c9fe2c5-5718-4462-802e-489f42001e80", "isDeleted:":"true", "version":"1710830827249"}}
{"logTime": "0401/170458", "correlationVector":"4aDg9wjTD7vw/CkWUz3gdY.49","action":"GetUpdates", "result":"DeleteReceived", "context":{"id":"2f874138-b816-40d0-9d67-c319d4a2d83d", "isDeleted:":"true", "version":"1710842547032"}}
{"logTime": "0401/170458", "correlationVector":"4aDg9wjTD7vw/CkWUz3gdY.50","action":"GetUpdates", "result":"DeleteReceived", "context":{"id":"00e6cc3e-668d-4b52-87a0-44078049e7ba", "isDeleted:":"true", "version":"1710842547033"}}
{"logTime": "0401/170458", "correlationVector":"4aDg9wjTD7vw/CkWUz3gdY.51","action":"GetUpdates", "result":"DeleteReceived", "context":{"id":"136afd5b-79dc-4309-9f36-8d9b06a45f29", "isDeleted:":"true", "version":"1710842547034"}}
{"logTime": "0401/170458", "correlationVector":"4aDg9wjTD7vw/CkWUz3gdY.52","action":"GetUpdates", "result":"DeleteReceived", "context":{"id":"776a9dcf-908c-4ca6-8486-692420efac25", "isDeleted:":"true", "version":"1710842547036"}}
{"logTime": "0401/170458", "correlationVector":"4aDg9wjTD7vw/CkWUz3gdY.53","action":"GetUpdates", "result":"DeleteReceived", "context":{"id":"da50b3e3-ac28-4c68-b7bd-a8f08c0b44e4", "isDeleted:":"true", "version":"1710900594710"}}
{"logTime": "0401/170458", "correlationVector":"4aDg9wjTD7vw/CkWUz3gdY.54","action":"GetUpdates", "result":"DeleteReceived", "context":{"id":"8ffe891f-c3bf-46f0-817d-3968f1fdb553", "isDeleted:":"true", "version":"1710900594711"}}
{"logTime": "0401/170458", "correlationVector":"4aDg9wjTD7vw/CkWUz3gdY.55","action":"GetUpdates", "result":"DeleteReceived", "context":{"id":"82b0d58f-87bc-4855-b306-a836d53ec995", "isDeleted:":"true", "version":"1710900594712"}}
{"logTime": "0401/170458", "correlationVector":"4aDg9wjTD7vw/CkWUz3gdY.56","action":"GetUpdates", "result":"DeleteReceived", "context":{"id":"360caac3-6047-47ca-992d-614e8214445e", "isDeleted:":"true", "version":"1710900594713"}}
{"logTime": "0401/170458", "correlationVector":"4aDg9wjTD7vw/CkWUz3gdY.57","action":"GetUpdates", "result":"DeleteReceived", "context":{"id":"a751af39-8a7b-4feb-8a5a-5e645823f1c5", "isDeleted:":"true", "version":"1710900594714"}}
{"logTime": "0401/170458", "correlationVector":"4aDg9wjTD7vw/CkWUz3gdY.58","action":"GetUpdates", "result":"DeleteReceived", "context":{"id":"424e90ad-5c27-440f-9027-01f3207d78a5", "isDeleted:":"true", "version":"1710900594716"}}
{"logTime": "0401/170458", "correlationVector":"4aDg9wjTD7vw/CkWUz3gdY.59","action":"GetUpdates", "result":"DeleteReceived", "context":{"id":"e4612cba-9f05-4b4c-9b7f-a8af416642e2", "isDeleted:":"true", "version":"1710907229802"}}
{"logTime": "0401/170458", "correlationVector":"4aDg9wjTD7vw/CkWUz3gdY.60","action":"GetUpdates", "result":"DeleteReceived", "context":{"id":"eea48ba0-4cb8-458a-aa19-a5e8e6871b62", "isDeleted:":"true", "version":"1710907229803"}}
{"logTime": "0401/170458", "correlationVector":"4aDg9wjTD7vw/CkWUz3gdY.61","action":"GetUpdates", "result":"DeleteReceived", "context":{"id":"110023d4-a387-4511-824e-85de51b41a35", "isDeleted:":"true", "version":"1710907229804"}}
{"logTime": "0401/170458", "correlationVector":"4aDg9wjTD7vw/CkWUz3gdY.62","action":"GetUpdates", "result":"DeleteReceived", "context":{"id":"e708f614-d63f-4fc3-88c1-2af91501ad88", "isDeleted:":"true", "version":"1710907229805"}}
{"logTime": "0401/170458", "correlationVector":"4aDg9wjTD7vw/CkWUz3gdY.63","action":"GetUpdates", "result":"DeleteReceived", "context":{"id":"309635a7-7f3e-453e-968b-2cf9286651ce", "isDeleted:":"true", "version":"1710907229806"}}
{"logTime": "0401/170458", "correlationVector":"4aDg9wjTD7vw/CkWUz3gdY.64","action":"GetUpdates", "result":"DeleteReceived", "context":{"id":"3f0cdff6-19e5-4888-849c-16c6476da78a", "isDeleted:":"true", "version":"1710919280576"}}
{"logTime": "0401/170458", "correlationVector":"4aDg9wjTD7vw/CkWUz3gdY.65","action":"GetUpdates", "result":"DeleteReceived", "context":{"id":"3606b63e-af77-4125-8cf2-35c6ebe03cac", "isDeleted:":"true", "version":"1710919280578"}}
{"logTime": "0401/170458", "correlationVector":"4aDg9wjTD7vw/CkWUz3gdY.66","action":"GetUpdates", "result":"DeleteReceived", "context":{"id":"9cc89d68-bdd2-4002-adfa-fcd3e825a35c", "isDeleted:":"true", "version":"1710919280579"}}
{"logTime": "0401/170458", "correlationVector":"4aDg9wjTD7vw/CkWUz3gdY.67","action":"GetUpdates", "result":"DeleteReceived", "context":{"id":"b59f1324-bd92-4ced-8d40-facac810ea06", "isDeleted:":"true", "version":"1710919280580"}}
{"logTime": "0401/170458", "correlationVector":"4aDg9wjTD7vw/CkWUz3gdY.68","action":"GetUpdates", "result":"DeleteReceived", "context":{"id":"82c91613-7439-49d2-bc01-33fa031bcec2", "isDeleted:":"true", "version":"1710931959339"}}
{"logTime": "0401/170458", "correlationVector":"4aDg9wjTD7vw/CkWUz3gdY.69","action":"GetUpdates", "result":"DeleteReceived", "context":{"id":"fd1b3ec4-6c18-494c-a8ab-a705119ee28a", "isDeleted:":"true", "version":"1710931959340"}}
{"logTime": "0401/170458", "correlationVector":"4aDg9wjTD7vw/CkWUz3gdY.70","action":"GetUpdates", "result":"DeleteReceived", "context":{"id":"4bd13757-d050-40ac-88b3-c18824551639", "isDeleted:":"true", "version":"1710932015464"}}
{"logTime": "0401/170458", "correlationVector":"4aDg9wjTD7vw/CkWUz3gdY.71","action":"GetUpdates", "result":"DeleteReceived", "context":{"id":"38eb6d09-b7cc-406d-9a88-ec4be9d317c5", "isDeleted:":"true", "version":"1710932652335"}}
{"logTime": "0401/170458", "correlationVector":"4aDg9wjTD7vw/CkWUz3gdY.72","action":"GetUpdates", "result":"DeleteReceived", "context":{"id":"a7198937-6401-44c2-bad3-17f9ee7f32a3", "isDeleted:":"true", "version":"1710946233019"}}
{"logTime": "0401/170458", "correlationVector":"4aDg9wjTD7vw/CkWUz3gdY.73","action":"GetUpdates", "result":"DeleteReceived", "context":{"id":"ab099f8d-b6e5-498a-8203-cb3e425a77d4", "isDeleted:":"true", "version":"1710946233020"}}
{"logTime": "0401/170458", "correlationVector":"4aDg9wjTD7vw/CkWUz3gdY.74","action":"GetUpdates", "result":"DeleteReceived", "context":{"id":"e0892080-61f7-4ec6-be34-2818625400cb", "isDeleted:":"true", "version":"1710999128292"}}
{"logTime": "0401/170458", "correlationVector":"4aDg9wjTD7vw/CkWUz3gdY.75","action":"GetUpdates", "result":"DeleteReceived", "context":{"id":"1eca1966-5533-4b7f-ad09-b6b26a6eab00", "isDeleted:":"true", "version":"1711000433830"}}
{"logTime": "0401/170458", "correlationVector":"4aDg9wjTD7vw/CkWUz3gdY.76","action":"GetUpdates", "result":"DeleteReceived", "context":{"id":"28ed2a42-fef1-4e68-8631-1738cf431a49", "isDeleted:":"true", "version":"1711006739085"}}
{"logTime": "0401/170458", "correlationVector":"4aDg9wjTD7vw/CkWUz3gdY.77","action":"GetUpdates", "result":"DeleteReceived", "context":{"id":"aaea02ef-dc97-43f5-8874-817e549dfb1e", "isDeleted:":"true", "version":"1711006761425"}}
{"logTime": "0401/170458", "correlationVector":"4aDg9wjTD7vw/CkWUz3gdY.78","action":"GetUpdates", "result":"DeleteReceived", "context":{"id":"77871f18-0ac1-40d2-845e-e29ffda9c774", "isDeleted:":"true", "version":"1711006761426"}}
{"logTime": "0401/170458", "correlationVector":"4aDg9wjTD7vw/CkWUz3gdY.79","action":"GetUpdates", "result":"DeleteReceived", "context":{"id":"c7ffdd7b-f1d0-4cfe-b012-cb5fd675ff21", "isDeleted:":"true", "version":"1711007033284"}}
{"logTime": "0401/170458", "correlationVector":"4aDg9wjTD7vw/CkWUz3gdY.80","action":"GetUpdates", "result":"DeleteReceived", "context":{"id":"1b5fb748-c982-40d2-9159-36b03d3bd505", "isDeleted:":"true", "version":"1711007226660"}}
{"logTime": "0401/170458", "correlationVector":"4aDg9wjTD7vw/CkWUz3gdY.81","action":"GetUpdates", "result":"DeleteReceived", "context":{"id":"7b7ee579-56e0-4f61-be8f-1255064d9ba5", "isDeleted:":"true", "version":"1711007232943"}}
{"logTime": "0401/170458", "correlationVector":"4aDg9wjTD7vw/CkWUz3gdY.82","action":"GetUpdates", "result":"DeleteReceived", "context":{"id":"8382f86a-2e89-46cb-a3eb-9b0e22c36d57", "isDeleted:":"true", "version":"1711007234318"}}
{"logTime": "0401/170458", "correlationVector":"4aDg9wjTD7vw/CkWUz3gdY.83","action":"GetUpdates", "result":"DeleteReceived", "context":{"id":"429e61f8-006e-4cb8-8c9a-9ac73a402902", "isDeleted:":"true", "version":"1711008645385"}}
{"logTime": "0401/170458", "correlationVector":"4aDg9wjTD7vw/CkWUz3gdY.84","action":"GetUpdates", "result":"DeleteReceived", "context":{"id":"03cac6e0-500b-4f77-9071-d4de9be3d0e8", "isDeleted:":"true", "version":"1711026483128"}}
{"logTime": "0401/170458", "correlationVector":"4aDg9wjTD7vw/CkWUz3gdY.85","action":"GetUpdates", "result":"DeleteReceived", "context":{"id":"ef52de4f-53cd-44be-ad78-ff653b4deef6", "isDeleted:":"true", "version":"1711026584245"}}
{"logTime": "0401/170458", "correlationVector":"4aDg9wjTD7vw/CkWUz3gdY.86","action":"GetUpdates", "result":"DeleteReceived", "context":{"id":"1fd56e6e-89b6-4d76-99a3-d15504784dbe", "isDeleted:":"true", "version":"1711027257718"}}
{"logTime": "0401/170458", "correlationVector":"4aDg9wjTD7vw/CkWUz3gdY.87","action":"GetUpdates", "result":"DeleteReceived", "context":{"id":"8becfb40-3967-4511-8ccd-7eac6f145271", "isDeleted:":"true", "version":"1711027257719"}}
{"logTime": "0401/170458", "correlationVector":"4aDg9wjTD7vw/CkWUz3gdY.88","action":"GetUpdates", "result":"DeleteReceived", "context":{"id":"c61e7510-cc72-4ab0-a773-34488fbf0e34", "isDeleted:":"true", "version":"1711027257720"}}
{"logTime": "0401/170458", "correlationVector":"4aDg9wjTD7vw/CkWUz3gdY.89","action":"GetUpdates", "result":"DeleteReceived", "context":{"id":"84e9d7d9-6d5d-4519-a43d-f315379d7f8b", "isDeleted:":"true", "version":"1711027257721"}}
{"logTime": "0401/170458", "correlationVector":"4aDg9wjTD7vw/CkWUz3gdY.90","action":"GetUpdates", "result":"DeleteReceived", "context":{"id":"b14eb47a-8376-4067-976f-1718d7c0d3f0", "isDeleted:":"true", "version":"1711027257722"}}
{"logTime": "0401/170458", "correlationVector":"4aDg9wjTD7vw/CkWUz3gdY.91","action":"GetUpdates", "result":"DeleteReceived", "context":{"id":"98e42b5d-66c7-4475-ad94-7093e67c8adb", "isDeleted:":"true", "version":"1711027257724"}}
{"logTime": "0401/170458", "correlationVector":"4aDg9wjTD7vw/CkWUz3gdY.92","action":"GetUpdates", "result":"DeleteReceived", "context":{"id":"0f070443-d02b-43a6-91a9-decf6cf3aa3f", "isDeleted:":"true", "version":"1711027522001"}}
{"logTime": "0401/170458", "correlationVector":"4aDg9wjTD7vw/CkWUz3gdY.93","action":"GetUpdates", "result":"DeleteReceived", "context":{"id":"2c956fbb-eaf1-4e2e-a9d2-afaeb28a829d", "isDeleted:":"true", "version":"1711100891893"}}
{"logTime": "0401/170458", "correlationVector":"4aDg9wjTD7vw/CkWUz3gdY.94","action":"GetUpdates", "result":"DeleteReceived", "context":{"id":"7b7d2689-7d01-42a9-89f2-48d0b54b438f", "isDeleted:":"true", "version":"1711100921975"}}
{"logTime": "0401/170458", "correlationVector":"4aDg9wjTD7vw/CkWUz3gdY.95","action":"GetUpdates", "result":"DeleteReceived", "context":{"id":"65d23562-731d-4559-ba82-78712187d788", "isDeleted:":"true", "version":"1711101574194"}}
{"logTime": "0401/170458", "correlationVector":"4aDg9wjTD7vw/CkWUz3gdY.96","action":"GetUpdates", "result":"DeleteReceived", "context":{"id":"34873909-cf2d-437b-83ff-564452ad007b", "isDeleted:":"true", "version":"1711101574195"}}
{"logTime": "0401/170458", "correlationVector":"4aDg9wjTD7vw/CkWUz3gdY.97","action":"GetUpdates", "result":"DeleteReceived", "context":{"id":"f8d09614-c4b5-41f4-84b5-635be6e27552", "isDeleted:":"true", "version":"1711101789249"}}
{"logTime": "0401/170458", "correlationVector":"4aDg9wjTD7vw/CkWUz3gdY.98","action":"GetUpdates", "result":"DeleteReceived", "context":{"id":"0a3e12d0-bfcd-4a48-89f1-9ec8a8b6b4a9", "isDeleted:":"true", "version":"1711101789250"}}
{"logTime": "0401/170458", "correlationVector":"4aDg9wjTD7vw/CkWUz3gdY.99","action":"GetUpdates", "result":"DeleteReceived", "context":{"id":"9c08eaaa-890f-464b-af14-8ef948469343", "isDeleted:":"true", "version":"1711101789251"}}
{"logTime": "0401/170458", "correlationVector":"4aDg9wjTD7vw/CkWUz3gdY.100","action":"GetUpdates", "result":"DeleteReceived", "context":{"id":"9f001d13-2d71-44a5-b1dc-36c80074875d", "isDeleted:":"true", "version":"1711101789252"}}
{"logTime": "0401/170458", "correlationVector":"4aDg9wjTD7vw/CkWUz3gdY.101","action":"GetUpdates", "result":"DeleteReceived", "context":{"id":"55fead01-afb5-481e-ab55-9428ee9ef8c0", "isDeleted:":"true", "version":"1711102559637"}}
{"logTime": "0401/170458", "correlationVector":"4aDg9wjTD7vw/CkWUz3gdY.102","action":"GetUpdates", "result":"DeleteReceived", "context":{"id":"d55a0b08-b957-4dd6-804d-7c0a6337af98", "isDeleted:":"true", "version":"1711102617169"}}
{"logTime": "0401/170458", "correlationVector":"4aDg9wjTD7vw/CkWUz3gdY.103","action":"GetUpdates", "result":"DeleteReceived", "context":{"id":"7bed2900-20d7-4c9f-add5-f1767d332f00", "isDeleted:":"true", "version":"1711102666803"}}
{"logTime": "0401/170458", "correlationVector":"4aDg9wjTD7vw/CkWUz3gdY.104","action":"GetUpdates", "result":"DeleteReceived", "context":{"id":"f27dd14f-8fe9-4226-ba0f-2df384c60156", "isDeleted:":"true", "version":"1711102666804"}}
{"logTime": "0401/170458", "correlationVector":"4aDg9wjTD7vw/CkWUz3gdY.105","action":"GetUpdates", "result":"DeleteReceived", "context":{"id":"528331e4-5d76-4db7-be6d-c8d8f236ed05", "isDeleted:":"true", "version":"1711106279023"}}
{"logTime": "0401/170458", "correlationVector":"4aDg9wjTD7vw/CkWUz3gdY.106","action":"GetUpdates", "result":"DeleteReceived", "context":{"id":"a3946c45-5e78-4cb8-9007-22db9a137610", "isDeleted:":"true", "version":"1711106279024"}}
{"logTime": "0401/170458", "correlationVector":"4aDg9wjTD7vw/CkWUz3gdY.107","action":"GetUpdates", "result":"DeleteReceived", "context":{"id":"6138a89b-dae0-4a5a-b48a-eb77bb5ab370", "isDeleted:":"true", "version":"1711133853579"}}
{"logTime": "0401/170458", "correlationVector":"4aDg9wjTD7vw/CkWUz3gdY.108","action":"GetUpdates", "result":"DeleteReceived", "context":{"id":"d4602346-a6b0-41fd-a7f5-f47d3ed2432a", "isDeleted:":"true", "version":"1711133853580"}}
{"logTime": "0401/170458", "correlationVector":"4aDg9wjTD7vw/CkWUz3gdY.109","action":"GetUpdates", "result":"DeleteReceived", "context":{"id":"3d2d8400-0a6c-46c6-9c4a-636c9f431357", "isDeleted:":"true", "version":"1711187790118"}}
{"logTime": "0401/170458", "correlationVector":"4aDg9wjTD7vw/CkWUz3gdY.110","action":"GetUpdates", "result":"DeleteReceived", "context":{"id":"8de62f80-c902-4f05-8758-0d545528076a", "isDeleted:":"true", "version":"1711198107818"}}
{"logTime": "0401/170458", "correlationVector":"4aDg9wjTD7vw/CkWUz3gdY.111","action":"GetUpdates", "result":"DeleteReceived", "context":{"id":"9ab8c9ba-56ab-42a5-814b-81ed99979c50", "isDeleted:":"true", "version":"1711206917233"}}
{"logTime": "0401/170458", "correlationVector":"4aDg9wjTD7vw/CkWUz3gdY.112","action":"GetUpdates", "result":"DeleteReceived", "context":{"id":"aa349f0c-400c-44ba-96f6-f7b6f8fcfd36", "isDeleted:":"true", "version":"1711218225262"}}
{"logTime": "0401/170458", "correlationVector":"4aDg9wjTD7vw/CkWUz3gdY.113","action":"GetUpdates", "result":"DeleteReceived", "context":{"id":"a2abdd60-28ee-4235-9880-9c0bbdb96194", "isDeleted:":"true", "version":"1711218225263"}}
{"logTime": "0401/170458", "correlationVector":"4aDg9wjTD7vw/CkWUz3gdY.114","action":"GetUpdates", "result":"DeleteReceived", "context":{"id":"ebaddc5d-f474-4989-9e57-ec3f22563996", "isDeleted:":"true", "version":"1711218225264"}}
{"logTime": "0401/170458", "correlationVector":"4aDg9wjTD7vw/CkWUz3gdY.115","action":"GetUpdates", "result":"DeleteReceived", "context":{"id":"f2a59e41-5f76-4651-9bf4-e9afe000cc8e", "isDeleted:":"true", "version":"1711218225265"}}
{"logTime": "0401/170458", "correlationVector":"4aDg9wjTD7vw/CkWUz3gdY.116","action":"GetUpdates", "result":"DeleteReceived", "context":{"id":"acdbf7d1-f54a-4191-ac16-b40ea5f8dc54", "isDeleted:":"true", "version":"1711218225267"}}
{"logTime": "0401/170458", "correlationVector":"4aDg9wjTD7vw/CkWUz3gdY.117","action":"GetUpdates", "result":"DeleteReceived", "context":{"id":"723833a3-ec06-4754-9737-09c29f67c6be", "isDeleted:":"true", "version":"1711258546440"}}
{"logTime": "0401/170458", "correlationVector":"4aDg9wjTD7vw/CkWUz3gdY.118","action":"GetUpdates", "result":"DeleteReceived", "context":{"id":"42cf563a-6d45-400e-81a3-8c8269de8d8c", "isDeleted:":"true", "version":"1711273633367"}}
{"logTime": "0401/170458", "correlationVector":"4aDg9wjTD7vw/CkWUz3gdY.119","action":"GetUpdates", "result":"DeleteReceived", "context":{"id":"d78b46f6-1b1e-407c-8bb9-e529816c6e3e", "isDeleted:":"true", "version":"1711277632893"}}
{"logTime": "0401/170458", "correlationVector":"4aDg9wjTD7vw/CkWUz3gdY.120","action":"GetUpdates", "result":"DeleteReceived", "context":{"id":"cd5e10ad-204c-47f9-96b4-c25203cf44ae", "isDeleted:":"true", "version":"1711278653096"}}
{"logTime": "0401/170458", "correlationVector":"4aDg9wjTD7vw/CkWUz3gdY.121","action":"GetUpdates", "result":"DeleteReceived", "context":{"id":"693ad3ac-e115-4102-83c8-36c6f9a5e678", "isDeleted:":"true", "version":"1711280612789"}}
{"logTime": "0401/170458", "correlationVector":"4aDg9wjTD7vw/CkWUz3gdY.122","action":"GetUpdates", "result":"DeleteReceived", "context":{"id":"58e5ce19-cc6c-4172-9775-178f4fe2575b", "isDeleted:":"true", "version":"1711285372818"}}
{"logTime": "0401/170458", "correlationVector":"4aDg9wjTD7vw/CkWUz3gdY.123","action":"GetUpdates", "result":"DeleteReceived", "context":{"id":"d305b545-a400-4a21-89fd-a7955731aa37", "isDeleted:":"true", "version":"1711285407228"}}
{"logTime": "0401/170458", "correlationVector":"4aDg9wjTD7vw/CkWUz3gdY.124","action":"GetUpdates", "result":"DeleteReceived", "context":{"id":"5da8a237-cd25-4ba5-8bdf-ea92daf99e03", "isDeleted:":"true", "version":"1711285407229"}}
{"logTime": "0401/170458", "correlationVector":"4aDg9wjTD7vw/CkWUz3gdY.125","action":"GetUpdates", "result":"DeleteReceived", "context":{"id":"46db8af6-783e-404f-ab4e-4eafd8b6fe51", "isDeleted:":"true", "version":"1711285407230"}}
{"logTime": "0401/170458", "correlationVector":"4aDg9wjTD7vw/CkWUz3gdY.126","action":"GetUpdates", "result":"DeleteReceived", "context":{"id":"fdf21366-96ab-4da6-b4df-1fd28ab9f528", "isDeleted:":"true", "version":"1711286167032"}}
{"logTime": "0401/170458", "correlationVector":"4aDg9wjTD7vw/CkWUz3gdY.127","action":"GetUpdates", "result":"DeleteReceived", "context":{"id":"d7c26b3e-c124-472d-9f38-fba7fcb25f5e", "isDeleted:":"true", "version":"1711286167033"}}
{"logTime": "0401/170458", "correlationVector":"4aDg9wjTD7vw/CkWUz3gdY.128","action":"GetUpdates", "result":"DeleteReceived", "context":{"id":"02251118-3c37-4adb-afc7-0d304adac8ce", "isDeleted:":"true", "version":"1711289785514"}}
{"logTime": "0401/170458", "correlationVector":"4aDg9wjTD7vw/CkWUz3gdY.129","action":"GetUpdates", "result":"DeleteReceived", "context":{"id":"a42bb9ca-bbb3-4190-9df4-7fd383a455a5", "isDeleted:":"true", "version":"1711289785515"}}
{"logTime": "0401/170458", "correlationVector":"4aDg9wjTD7vw/CkWUz3gdY.130","action":"GetUpdates", "result":"DeleteReceived", "context":{"id":"1c41ecfb-6820-4924-b363-176c99908f7d", "isDeleted:":"true", "version":"1711289785516"}}
{"logTime": "0401/170458", "correlationVector":"4aDg9wjTD7vw/CkWUz3gdY.131","action":"GetUpdates", "result":"DeleteReceived", "context":{"id":"f6f11603-47cb-4838-940b-760493207520", "isDeleted:":"true", "version":"1711289785517"}}
{"logTime": "0401/170458", "correlationVector":"4aDg9wjTD7vw/CkWUz3gdY.132","action":"GetUpdates", "result":"DeleteReceived", "context":{"id":"dfb28489-15c3-44a0-ae8e-28739bb7cc86", "isDeleted:":"true", "version":"1711289785518"}}
{"logTime": "0401/170458", "correlationVector":"4aDg9wjTD7vw/CkWUz3gdY.133","action":"GetUpdates", "result":"DeleteReceived", "context":{"id":"f6a35272-70f9-437c-b105-a719f9f552cb", "isDeleted:":"true", "version":"1711289785519"}}
{"logTime": "0401/170458", "correlationVector":"4aDg9wjTD7vw/CkWUz3gdY.134","action":"GetUpdates", "result":"DeleteReceived", "context":{"id":"a46eab98-38c7-4406-8298-22c64f930070", "isDeleted:":"true", "version":"1711289785520"}}
{"logTime": "0401/170458", "correlationVector":"4aDg9wjTD7vw/CkWUz3gdY.135","action":"GetUpdates", "result":"DeleteReceived", "context":{"id":"cdeab2f6-6985-46d2-89c0-f584034239f7", "isDeleted:":"true", "version":"1711290007408"}}
{"logTime": "0401/170458", "correlationVector":"4aDg9wjTD7vw/CkWUz3gdY.136","action":"GetUpdates", "result":"DeleteReceived", "context":{"id":"761e3cd6-8beb-4b78-a54e-b36eec8ed139", "isDeleted:":"true", "version":"1711290007409"}}
{"logTime": "0401/170458", "correlationVector":"4aDg9wjTD7vw/CkWUz3gdY.137","action":"GetUpdates", "result":"DeleteReceived", "context":{"id":"2727541e-93ff-4a3d-ab96-44b3fc4244a4", "isDeleted:":"true", "version":"1711292657427"}}
{"logTime": "0401/170458", "correlationVector":"4aDg9wjTD7vw/CkWUz3gdY.138","action":"GetUpdates", "result":"DeleteReceived", "context":{"id":"14c850ba-eb32-476c-88eb-a347705c2087", "isDeleted:":"true", "version":"1711293280932"}}
{"logTime": "0401/170458", "correlationVector":"4aDg9wjTD7vw/CkWUz3gdY.139","action":"GetUpdates", "result":"DeleteReceived", "context":{"id":"4286ce6e-d3e9-4867-8213-33ed72293382", "isDeleted:":"true", "version":"1711293280933"}}
{"logTime": "0401/170458", "correlationVector":"4aDg9wjTD7vw/CkWUz3gdY.140","action":"GetUpdates", "result":"DeleteReceived", "context":{"id":"d110638e-2337-4597-a9f4-5e7ecc0ccf9b", "isDeleted:":"true", "version":"1711293425933"}}
{"logTime": "0401/170458", "correlationVector":"4aDg9wjTD7vw/CkWUz3gdY.141","action":"GetUpdates", "result":"DeleteReceived", "context":{"id":"bf6007ec-485c-41fb-8c32-0dd45a7ce708", "isDeleted:":"true", "version":"1711293425935"}}
{"logTime": "0401/170458", "correlationVector":"4aDg9wjTD7vw/CkWUz3gdY.142","action":"GetUpdates", "result":"DeleteReceived", "context":{"id":"c6ea122e-f3d8-4b69-9aa8-7369b476ad01", "isDeleted:":"true", "version":"1711293425936"}}
{"logTime": "0401/170458", "correlationVector":"4aDg9wjTD7vw/CkWUz3gdY.143","action":"GetUpdates", "result":"DeleteReceived", "context":{"id":"902f4bad-ce79-4599-93e6-a5a4f26bde83", "isDeleted:":"true", "version":"1711294423996"}}
{"logTime": "0401/170458", "correlationVector":"4aDg9wjTD7vw/CkWUz3gdY.144","action":"GetUpdates", "result":"DeleteReceived", "context":{"id":"e11d0fbf-3077-4f25-ac72-6270238baee2", "isDeleted:":"true", "version":"1711299987396"}}
{"logTime": "0401/170458", "correlationVector":"4aDg9wjTD7vw/CkWUz3gdY.145","action":"GetUpdates", "result":"DeleteReceived", "context":{"id":"86630d24-e6ad-41e6-8c97-379b251508dc", "isDeleted:":"true", "version":"1711301279161"}}
{"logTime": "0401/170458", "correlationVector":"4aDg9wjTD7vw/CkWUz3gdY.146","action":"GetUpdates", "result":"DeleteReceived", "context":{"id":"5f976c4f-51aa-48a0-9d5e-39a52f31d07d", "isDeleted:":"true", "version":"1711301406286"}}
{"logTime": "0401/170458", "correlationVector":"4aDg9wjTD7vw/CkWUz3gdY.147","action":"GetUpdates", "result":"DeleteReceived", "context":{"id":"f09b91e9-d374-4301-86ad-0b9c7094c6d5", "isDeleted:":"true", "version":"1711301406288"}}
{"logTime": "0401/170458", "correlationVector":"4aDg9wjTD7vw/CkWUz3gdY.148","action":"GetUpdates", "result":"DeleteReceived", "context":{"id":"6d9eb7e0-8235-4a8a-a79f-e461b38a4903", "isDeleted:":"true", "version":"1711301406292"}}
{"logTime": "0401/170458", "correlationVector":"4aDg9wjTD7vw/CkWUz3gdY.149","action":"GetUpdates", "result":"DeleteReceived", "context":{"id":"012600a2-efb1-4448-a167-4ff59ec5cedb", "isDeleted:":"true", "version":"1711301406293"}}
{"logTime": "0401/170458", "correlationVector":"4aDg9wjTD7vw/CkWUz3gdY.150","action":"GetUpdates", "result":"DeleteReceived", "context":{"id":"85b268b1-7be7-4d99-891a-8729902091da", "isDeleted:":"true", "version":"1711303547367"}}
{"logTime": "0401/170458", "correlationVector":"4aDg9wjTD7vw/CkWUz3gdY.151","action":"GetUpdates", "result":"DeleteReceived", "context":{"id":"643a8542-6ae7-44f6-816e-08a736473651", "isDeleted:":"true", "version":"1711303547368"}}
{"logTime": "0401/170458", "correlationVector":"4aDg9wjTD7vw/CkWUz3gdY.152","action":"GetUpdates", "result":"DeleteReceived", "context":{"id":"1b0072e5-0d8c-40c5-a2bb-77e178d2ec97", "isDeleted:":"true", "version":"1711303547369"}}
{"logTime": "0401/170458", "correlationVector":"4aDg9wjTD7vw/CkWUz3gdY.153","action":"GetUpdates", "result":"DeleteReceived", "context":{"id":"271255df-18fb-458b-896c-7848240270bb", "isDeleted:":"true", "version":"1711303547370"}}
{"logTime": "0401/170458", "correlationVector":"4aDg9wjTD7vw/CkWUz3gdY.154","action":"GetUpdates", "result":"DeleteReceived", "context":{"id":"4ab9b55b-5b33-4b84-a416-45746380ae62", "isDeleted:":"true", "version":"1711303547371"}}
{"logTime": "0401/170458", "correlationVector":"4aDg9wjTD7vw/CkWUz3gdY.155","action":"GetUpdates", "result":"DeleteReceived", "context":{"id":"a7ddb784-fa99-4be4-855a-2137fe262f2e", "isDeleted:":"true", "version":"1711303547372"}}
{"logTime": "0401/170458", "correlationVector":"4aDg9wjTD7vw/CkWUz3gdY.156","action":"GetUpdates", "result":"DeleteReceived", "context":{"id":"5febc9dd-f24e-4e4f-abab-fa75388d3116", "isDeleted:":"true", "version":"1711303547373"}}
{"logTime": "0401/170458", "correlationVector":"4aDg9wjTD7vw/CkWUz3gdY.157","action":"GetUpdates", "result":"DeleteReceived", "context":{"id":"91ec7f79-a329-4f91-b421-e275fecd5f1d", "isDeleted:":"true", "version":"1711303547374"}}
{"logTime": "0401/170458", "correlationVector":"4aDg9wjTD7vw/CkWUz3gdY.158","action":"GetUpdates", "result":"DeleteReceived", "context":{"id":"b386e1a4-f0d6-496b-8659-768a78ad6548", "isDeleted:":"true", "version":"1711307255903"}}
{"logTime": "0401/170458", "correlationVector":"4aDg9wjTD7vw/CkWUz3gdY.159","action":"GetUpdates", "result":"DeleteReceived", "context":{"id":"bde7a4a7-26c6-49d5-9bd3-4ba23bbf8b87", "isDeleted:":"true", "version":"1711347089022"}}
{"logTime": "0401/170458", "correlationVector":"4aDg9wjTD7vw/CkWUz3gdY.160","action":"GetUpdates", "result":"DeleteReceived", "context":{"id":"23edff3e-cd5d-4cb5-af97-e1ac0fa0a840", "isDeleted:":"true", "version":"1711347089024"}}
{"logTime": "0401/170458", "correlationVector":"4aDg9wjTD7vw/CkWUz3gdY.161","action":"GetUpdates", "result":"DeleteReceived", "context":{"id":"a45566a0-d2f2-4032-96c3-4b19eb870ec6", "isDeleted:":"true", "version":"1711347089025"}}
{"logTime": "0401/170458", "correlationVector":"4aDg9wjTD7vw/CkWUz3gdY.162","action":"GetUpdates", "result":"DeleteReceived", "context":{"id":"655fa7c5-47cd-4873-9012-1718003894f6", "isDeleted:":"true", "version":"1711353812481"}}
{"logTime": "0401/170458", "correlationVector":"4aDg9wjTD7vw/CkWUz3gdY.163","action":"GetUpdates", "result":"DeleteReceived", "context":{"id":"fe12cf26-4452-46a6-8352-e58d23ba0f15", "isDeleted:":"true", "version":"1711353812482"}}
{"logTime": "0401/170458", "correlationVector":"4aDg9wjTD7vw/CkWUz3gdY.164","action":"GetUpdates", "result":"DeleteReceived", "context":{"id":"8742fd6e-0c32-479d-9c67-664f2d397798", "isDeleted:":"true", "version":"1711353812483"}}
{"logTime": "0401/170458", "correlationVector":"4aDg9wjTD7vw/CkWUz3gdY.165","action":"GetUpdates", "result":"DeleteReceived", "context":{"id":"a51f2f5e-8ccb-4a58-b1f5-e18236aae794", "isDeleted:":"true", "version":"1711394475146"}}
{"logTime": "0401/170458", "correlationVector":"4aDg9wjTD7vw/CkWUz3gdY.166","action":"GetUpdates", "result":"DeleteReceived", "context":{"id":"d4f6abca-2e21-45fb-8c87-605a45486823", "isDeleted:":"true", "version":"1711394475147"}}
{"logTime": "0401/170458", "correlationVector":"4aDg9wjTD7vw/CkWUz3gdY.167","action":"GetUpdates", "result":"DeleteReceived", "context":{"id":"62885565-c0f8-4e1d-bb66-9a2ea56877d3", "isDeleted:":"true", "version":"1711394475148"}}
{"logTime": "0401/170458", "correlationVector":"4aDg9wjTD7vw/CkWUz3gdY.168","action":"GetUpdates", "result":"DeleteReceived", "context":{"id":"cc237c6f-c836-43d9-be82-c65e550077e3", "isDeleted:":"true", "version":"1711394475149"}}
{"logTime": "0401/170458", "correlationVector":"4aDg9wjTD7vw/CkWUz3gdY.169","action":"GetUpdates", "result":"DeleteReceived", "context":{"id":"75f5a08d-e882-465d-9ad1-9262b4b25971", "isDeleted:":"true", "version":"1711395567428"}}
{"logTime": "0401/170458", "correlationVector":"4aDg9wjTD7vw/CkWUz3gdY.170","action":"GetUpdates", "result":"DeleteReceived", "context":{"id":"d44de003-3e60-40a5-a004-1ddc9f72b24b", "isDeleted:":"true", "version":"1711395971659"}}
{"logTime": "0401/170458", "correlationVector":"4aDg9wjTD7vw/CkWUz3gdY.171","action":"GetUpdates", "result":"DeleteReceived", "context":{"id":"8d9e54aa-c196-459f-a8e2-6e0553039295", "isDeleted:":"true", "version":"1711396302777"}}
{"logTime": "0401/170458", "correlationVector":"4aDg9wjTD7vw/CkWUz3gdY.172","action":"GetUpdates", "result":"DeleteReceived", "context":{"id":"6f642ec5-a24b-48d9-861c-4916f79276f4", "isDeleted:":"true", "version":"1711396338182"}}
{"logTime": "0401/170458", "correlationVector":"4aDg9wjTD7vw/CkWUz3gdY.173","action":"GetUpdates", "result":"DeleteReceived", "context":{"id":"e9cfc7bb-ba5f-4f04-b3d1-570c4aa11b76", "isDeleted:":"true", "version":"1711396338184"}}
{"logTime": "0401/170458", "correlationVector":"4aDg9wjTD7vw/CkWUz3gdY.174","action":"GetUpdates", "result":"DeleteReceived", "context":{"id":"8e93ad7f-e9b2-451a-a00b-14dda7a9cf97", "isDeleted:":"true", "version":"1711396338185"}}
{"logTime": "0401/170458", "correlationVector":"4aDg9wjTD7vw/CkWUz3gdY.175","action":"GetUpdates", "result":"DeleteReceived", "context":{"id":"0959cde5-c0fc-4392-bd4f-cae1ef39dd56", "isDeleted:":"true", "version":"1711396338186"}}
{"logTime": "0401/170458", "correlationVector":"4aDg9wjTD7vw/CkWUz3gdY.176","action":"GetUpdates", "result":"DeleteReceived", "context":{"id":"2d941a9f-67e6-4453-b881-32c563ec510a", "isDeleted:":"true", "version":"1711396338187"}}
{"logTime": "0401/170458", "correlationVector":"4aDg9wjTD7vw/CkWUz3gdY.177","action":"GetUpdates", "result":"DeleteReceived", "context":{"id":"53cbf158-d671-4771-aa6c-72d26eaf99ca", "isDeleted:":"true", "version":"1711396380573"}}
{"logTime": "0401/170458", "correlationVector":"4aDg9wjTD7vw/CkWUz3gdY.178","action":"GetUpdates", "result":"DeleteReceived", "context":{"id":"323f9855-8f36-4fdb-8b66-799e629725d8", "isDeleted:":"true", "version":"1711397277525"}}
{"logTime": "0401/170458", "correlationVector":"4aDg9wjTD7vw/CkWUz3gdY.179","action":"GetUpdates", "result":"DeleteReceived", "context":{"id":"f726fbff-486b-4f86-aad7-c6d247bd7dd2", "isDeleted:":"true", "version":"1711398261788"}}
{"logTime": "0401/170458", "correlationVector":"4aDg9wjTD7vw/CkWUz3gdY.180","action":"GetUpdates", "result":"DeleteReceived", "context":{"id":"122a8290-34b6-452c-b0e4-d6cc55424df6", "isDeleted:":"true", "version":"1711421033313"}}
{"logTime": "0401/170458", "correlationVector":"4aDg9wjTD7vw/CkWUz3gdY.181","action":"GetUpdates", "result":"DeleteReceived", "context":{"id":"c0ecc467-5e82-4306-afdb-f330056c99b1", "isDeleted:":"true", "version":"1711421531103"}}
{"logTime": "0401/170458", "correlationVector":"4aDg9wjTD7vw/CkWUz3gdY.182","action":"GetUpdates", "result":"DeleteReceived", "context":{"id":"63b66479-59b1-4dd7-b86a-91a53eaf64fe", "isDeleted:":"true", "version":"1711422486823"}}
{"logTime": "0401/170458", "correlationVector":"4aDg9wjTD7vw/CkWUz3gdY.183","action":"GetUpdates", "result":"DeleteReceived", "context":{"id":"fb0298d8-d854-4127-afa1-3372cf4f219d", "isDeleted:":"true", "version":"1711422562388"}}
{"logTime": "0401/170458", "correlationVector":"4aDg9wjTD7vw/CkWUz3gdY.184","action":"GetUpdates", "result":"DeleteReceived", "context":{"id":"2da612e9-d97d-4aa3-92c6-d6c134aef471", "isDeleted:":"true", "version":"1711422703418"}}
{"logTime": "0401/170458", "correlationVector":"4aDg9wjTD7vw/CkWUz3gdY.185","action":"GetUpdates", "result":"DeleteReceived", "context":{"id":"a77b3c8c-5c93-4854-86be-3113a845a710", "isDeleted:":"true", "version":"1711422812248"}}
{"logTime": "0401/170458", "correlationVector":"4aDg9wjTD7vw/CkWUz3gdY.186","action":"GetUpdates", "result":"DeleteReceived", "context":{"id":"ce26e810-802b-48e0-9c78-fd8eea98ee66", "isDeleted:":"true", "version":"1711426317888"}}
{"logTime": "0401/170458", "correlationVector":"4aDg9wjTD7vw/CkWUz3gdY.187","action":"GetUpdates", "result":"DeleteReceived", "context":{"id":"55654e28-257e-4551-bf7c-9c06aa841752", "isDeleted:":"true", "version":"1711426317889"}}
{"logTime": "0401/170458", "correlationVector":"4aDg9wjTD7vw/CkWUz3gdY.188","action":"GetUpdates", "result":"DeleteReceived", "context":{"id":"421c91ad-1ec8-41cf-991b-131a18ffb7bc", "isDeleted:":"true", "version":"1711426317890"}}
{"logTime": "0401/170458", "correlationVector":"4aDg9wjTD7vw/CkWUz3gdY.189","action":"GetUpdates", "result":"DeleteReceived", "context":{"id":"da63d988-af10-4beb-ad0c-18f8edd5bbb8", "isDeleted:":"true", "version":"1711426317891"}}
{"logTime": "0401/170458", "correlationVector":"4aDg9wjTD7vw/CkWUz3gdY.190","action":"GetUpdates", "result":"DeleteReceived", "context":{"id":"6c0a9618-7a32-42f9-b72c-c1fe2d4b19c8", "isDeleted:":"true", "version":"1711429416226"}}
{"logTime": "0401/170458", "correlationVector":"4aDg9wjTD7vw/CkWUz3gdY.191","action":"GetUpdates", "result":"DeleteReceived", "context":{"id":"35fc2bd4-5aa1-4e6b-a1ba-128e36270238", "isDeleted:":"true", "version":"1711432093295"}}
{"logTime": "0401/170458", "correlationVector":"4aDg9wjTD7vw/CkWUz3gdY.192","action":"GetUpdates", "result":"DeleteReceived", "context":{"id":"c54762e7-751e-48bd-a332-55f60726ddf2", "isDeleted:":"true", "version":"1711432093296"}}
{"logTime": "0401/170458", "correlationVector":"4aDg9wjTD7vw/CkWUz3gdY.193","action":"GetUpdates", "result":"DeleteReceived", "context":{"id":"2157389b-307a-455a-9a35-93c27892207b", "isDeleted:":"true", "version":"1711432093297"}}
{"logTime": "0401/170458", "correlationVector":"4aDg9wjTD7vw/CkWUz3gdY.194","action":"GetUpdates", "result":"DeleteReceived", "context":{"id":"b0c3b401-ec79-4cfd-90a3-66c14b15a129", "isDeleted:":"true", "version":"1711432093298"}}
{"logTime": "0401/170458", "correlationVector":"4aDg9wjTD7vw/CkWUz3gdY.195","action":"GetUpdates", "result":"DeleteReceived", "context":{"id":"e1a555d1-af6d-40d1-97fc-f50c47022154", "isDeleted:":"true", "version":"1711432093299"}}
{"logTime": "0401/170458", "correlationVector":"4aDg9wjTD7vw/CkWUz3gdY.196","action":"GetUpdates", "result":"DeleteReceived", "context":{"id":"1ee1c3fa-d7ab-4cf6-88a9-83119d587294", "isDeleted:":"true", "version":"1711432093300"}}
{"logTime": "0401/170458", "correlationVector":"4aDg9wjTD7vw/CkWUz3gdY.197","action":"GetUpdates", "result":"DeleteReceived", "context":{"id":"37b461b4-a6e2-4031-b565-68119e80cf3a", "isDeleted:":"true", "version":"1711432093301"}}
{"logTime": "0401/170458", "correlationVector":"4aDg9wjTD7vw/CkWUz3gdY.198","action":"GetUpdates", "result":"DeleteReceived", "context":{"id":"550f3f35-4217-433a-852d-f97fc5e326df", "isDeleted:":"true", "version":"1711432093302"}}
{"logTime": "0401/170458", "correlationVector":"4aDg9wjTD7vw/CkWUz3gdY.199","action":"GetUpdates", "result":"DeleteReceived", "context":{"id":"91319ab3-0648-4856-a3aa-0db831a44b16", "isDeleted:":"true", "version":"1711432093303"}}
{"logTime": "0401/170458", "correlationVector":"4aDg9wjTD7vw/CkWUz3gdY.200","action":"GetUpdates", "result":"DeleteReceived", "context":{"id":"2aefd017-0024-45a7-9cf2-ee76ebf8f800", "isDeleted:":"true", "version":"1711432093304"}}
{"logTime": "0401/170458", "correlationVector":"4aDg9wjTD7vw/CkWUz3gdY.201","action":"GetUpdates", "result":"DeleteReceived", "context":{"id":"ce7d8e37-4c07-4b23-8538-2a51833e6336", "isDeleted:":"true", "version":"1711432093306"}}
{"logTime": "0401/170458", "correlationVector":"4aDg9wjTD7vw/CkWUz3gdY.202","action":"GetUpdates", "result":"DeleteReceived", "context":{"id":"95401b76-cb01-46fa-b22e-1c4a01259545", "isDeleted:":"true", "version":"1711432624557"}}
{"logTime": "0401/170458", "correlationVector":"4aDg9wjTD7vw/CkWUz3gdY.203","action":"GetUpdates", "result":"DeleteReceived", "context":{"id":"d0a05128-33e5-4655-baa8-b10e095ffe28", "isDeleted:":"true", "version":"1711432988215"}}
{"logTime": "0401/170458", "correlationVector":"4aDg9wjTD7vw/CkWUz3gdY.204","action":"GetUpdates", "result":"DeleteReceived", "context":{"id":"62d7ea3b-e051-4b86-9f94-c9cb197554c3", "isDeleted:":"true", "version":"1711432988216"}}
{"logTime": "0401/170458", "correlationVector":"4aDg9wjTD7vw/CkWUz3gdY.205","action":"GetUpdates Response", "result":"Success", "context":Received 250 update(s). cV=4aDg9wjTD7vw/CkWUz3gdY.0;server=GENERAL0300002E;cloudType=Consumer;environment=Prod_SoutheastAsia_000j;migrationStage=NotStarted Some updates remain.}
{"logTime": "0401/170458", "correlationVector":"gxgd5Nvp3Jj8MDoYj/RzYL","action":"Initial GetUpdates", "result":"", "context":Reason: RECONFIGURATION. cV=gxgd5Nvp3Jj8MDoYj/RzYL}
{"logTime": "0401/170458", "correlationVector":"gxgd5Nvp3Jj8MDoYj/RzYL.1","action":"SyncServerConnectionManagerRequest", "result":"SYNC_SERVER_OK", "context":{"environment":"Prod_SoutheastAsia_000j", "migrationStage":"NotStarted", "server":"GENERAL03000027"}}
{"logTime": "0401/170458", "correlationVector":"gxgd5Nvp3Jj8MDoYj/RzYL.2","action":"GetUpdates", "result":"DeleteReceived", "context":{"id":"f82132e8-c179-4ab9-b691-02dd97a8b4d6", "isDeleted:":"true", "version":"1711436136974"}}
{"logTime": "0401/170458", "correlationVector":"gxgd5Nvp3Jj8MDoYj/RzYL.3","action":"GetUpdates", "result":"DeleteReceived", "context":{"id":"45c97481-5f4a-4543-964b-a82bd7877201", "isDeleted:":"true", "version":"1711436136975"}}
{"logTime": "0401/170458", "correlationVector":"gxgd5Nvp3Jj8MDoYj/RzYL.4","action":"GetUpdates", "result":"DeleteReceived", "context":{"id":"12d939d1-aa1e-4d3a-85d5-1eac3755906b", "isDeleted:":"true", "version":"1711436136976"}}
{"logTime": "0401/170458", "correlationVector":"gxgd5Nvp3Jj8MDoYj/RzYL.5","action":"GetUpdates", "result":"DeleteReceived", "context":{"id":"7adbf69c-74e4-467b-8209-78e7339770ed", "isDeleted:":"true", "version":"1711436136977"}}
{"logTime": "0401/170458", "correlationVector":"gxgd5Nvp3Jj8MDoYj/RzYL.6","action":"GetUpdates", "result":"DeleteReceived", "context":{"id":"df9f1425-3c13-4233-b54e-f839637e385e", "isDeleted:":"true", "version":"1711436136978"}}
{"logTime": "0401/170458", "correlationVector":"gxgd5Nvp3Jj8MDoYj/RzYL.7","action":"GetUpdates", "result":"DeleteReceived", "context":{"id":"6d5c9f04-6eeb-438c-ad5d-db5fdabcfc05", "isDeleted:":"true", "version":"1711436136979"}}
{"logTime": "0401/170458", "correlationVector":"gxgd5Nvp3Jj8MDoYj/RzYL.8","action":"GetUpdates", "result":"DeleteReceived", "context":{"id":"7b00a109-8f81-4fe1-a9b8-a2d123c1afa1", "isDeleted:":"true", "version":"1711443416791"}}
{"logTime": "0401/170458", "correlationVector":"gxgd5Nvp3Jj8MDoYj/RzYL.9","action":"GetUpdates", "result":"DeleteReceived", "context":{"id":"350e407d-ef1a-4428-a67e-0a9b8759ba26", "isDeleted:":"true", "version":"1711443416792"}}
{"logTime": "0401/170458", "correlationVector":"gxgd5Nvp3Jj8MDoYj/RzYL.10","action":"GetUpdates", "result":"DeleteReceived", "context":{"id":"15b29969-dfaf-47da-8b50-d1297847e687", "isDeleted:":"true", "version":"1711443416793"}}
{"logTime": "0401/170458", "correlationVector":"gxgd5Nvp3Jj8MDoYj/RzYL.11","action":"GetUpdates", "result":"DeleteReceived", "context":{"id":"4b889c8f-66a3-44c3-b053-452fd2c23fef", "isDeleted:":"true", "version":"1711443416794"}}
{"logTime": "0401/170458", "correlationVector":"gxgd5Nvp3Jj8MDoYj/RzYL.12","action":"GetUpdates", "result":"DeleteReceived", "context":{"id":"08f571ca-d01c-4d85-9b48-cbe07abe24dd", "isDeleted:":"true", "version":"1711443416795"}}
{"logTime": "0401/170458", "correlationVector":"gxgd5Nvp3Jj8MDoYj/RzYL.13","action":"GetUpdates", "result":"DeleteReceived", "context":{"id":"9ad33743-f646-406c-b0a4-7a5490e92def", "isDeleted:":"true", "version":"1711443416796"}}
{"logTime": "0401/170458", "correlationVector":"gxgd5Nvp3Jj8MDoYj/RzYL.14","action":"GetUpdates", "result":"DeleteReceived", "context":{"id":"fac14ff9-d06a-4bed-81d8-b6560e79c8da", "isDeleted:":"true", "version":"1711443416797"}}
{"logTime": "0401/170458", "correlationVector":"gxgd5Nvp3Jj8MDoYj/RzYL.15","action":"GetUpdates", "result":"DeleteReceived", "context":{"id":"7a43a754-662b-4c50-b753-d1ac07412fee", "isDeleted:":"true", "version":"1711454738837"}}
{"logTime": "0401/170458", "correlationVector":"gxgd5Nvp3Jj8MDoYj/RzYL.16","action":"GetUpdates", "result":"DeleteReceived", "context":{"id":"b027131f-6dbc-4e19-aaa5-0c5eefe1bb0c", "isDeleted:":"true", "version":"1711454738840"}}
{"logTime": "0401/170458", "correlationVector":"gxgd5Nvp3Jj8MDoYj/RzYL.17","action":"GetUpdates", "result":"DeleteReceived", "context":{"id":"67651efa-4985-4025-94c7-c7f7c6277be3", "isDeleted:":"true", "version":"1711454738841"}}
{"logTime": "0401/170458", "correlationVector":"gxgd5Nvp3Jj8MDoYj/RzYL.18","action":"GetUpdates", "result":"DeleteReceived", "context":{"id":"ade96be8-5ecf-487a-93c5-363a62e61687", "isDeleted:":"true", "version":"1711454774679"}}
{"logTime": "0401/170458", "correlationVector":"gxgd5Nvp3Jj8MDoYj/RzYL.19","action":"GetUpdates", "result":"DeleteReceived", "context":{"id":"d9c1821d-273d-458d-a1ce-4b007f03895a", "isDeleted:":"true", "version":"1711454774680"}}
{"logTime": "0401/170458", "correlationVector":"gxgd5Nvp3Jj8MDoYj/RzYL.20","action":"GetUpdates", "result":"DeleteReceived", "context":{"id":"bca890ba-26bf-4f71-907a-ba9600dcd3e6", "isDeleted:":"true", "version":"1711454774681"}}
{"logTime": "0401/170458", "correlationVector":"gxgd5Nvp3Jj8MDoYj/RzYL.21","action":"GetUpdates", "result":"DeleteReceived", "context":{"id":"4f9cdd46-8d36-4fda-bcec-02f101aa273b", "isDeleted:":"true", "version":"1711454774682"}}
{"logTime": "0401/170458", "correlationVector":"gxgd5Nvp3Jj8MDoYj/RzYL.22","action":"GetUpdates", "result":"DeleteReceived", "context":{"id":"261d917c-1868-4ffe-b68c-36aaec64d241", "isDeleted:":"true", "version":"1711459787776"}}
{"logTime": "0401/170458", "correlationVector":"gxgd5Nvp3Jj8MDoYj/RzYL.23","action":"GetUpdates", "result":"DeleteReceived", "context":{"id":"259b0a27-6ce9-4732-aa5d-e3e29e9361a6", "isDeleted:":"true", "version":"1711461144283"}}
{"logTime": "0401/170458", "correlationVector":"gxgd5Nvp3Jj8MDoYj/RzYL.24","action":"GetUpdates", "result":"DeleteReceived", "context":{"id":"5272f4c7-0e72-4b0d-bd4c-20aeb710dff0", "isDeleted:":"true", "version":"1711467641868"}}
{"logTime": "0401/170458", "correlationVector":"gxgd5Nvp3Jj8MDoYj/RzYL.25","action":"GetUpdates", "result":"DeleteReceived", "context":{"id":"dec2e915-111d-432c-8808-737f78581a6a", "isDeleted:":"true", "version":"1711467641870"}}
{"logTime": "0401/170458", "correlationVector":"gxgd5Nvp3Jj8MDoYj/RzYL.26","action":"GetUpdates", "result":"DeleteReceived", "context":{"id":"1c4a0cde-979d-4c5a-8acc-35761bcc0276", "isDeleted:":"true", "version":"1711469981039"}}
{"logTime": "0401/170458", "correlationVector":"gxgd5Nvp3Jj8MDoYj/RzYL.27","action":"GetUpdates", "result":"DeleteReceived", "context":{"id":"fcf042a1-d293-4ff2-874e-4b483e3fde48", "isDeleted:":"true", "version":"1711473799763"}}
{"logTime": "0401/170458", "correlationVector":"gxgd5Nvp3Jj8MDoYj/RzYL.28","action":"GetUpdates", "result":"DeleteReceived", "context":{"id":"e6715566-9bb6-4fe2-a539-34e692fc6be1", "isDeleted:":"true", "version":"1711479914642"}}
{"logTime": "0401/170458", "correlationVector":"gxgd5Nvp3Jj8MDoYj/RzYL.29","action":"GetUpdates", "result":"DeleteReceived", "context":{"id":"3d0fa443-7a4b-4ac3-bd52-4fdb78fbaac9", "isDeleted:":"true", "version":"1711479914643"}}
{"logTime": "0401/170458", "correlationVector":"gxgd5Nvp3Jj8MDoYj/RzYL.30","action":"GetUpdates", "result":"DeleteReceived", "context":{"id":"fa87c2ae-da53-4cec-95cb-13bf8e0cd9a7", "isDeleted:":"true", "version":"1711537602662"}}
{"logTime": "0401/170458", "correlationVector":"gxgd5Nvp3Jj8MDoYj/RzYL.31","action":"GetUpdates", "result":"DeleteReceived", "context":{"id":"cbf85113-0de5-4e19-9c18-8ef85d534c07", "isDeleted:":"true", "version":"1711546158641"}}
{"logTime": "0401/170458", "correlationVector":"gxgd5Nvp3Jj8MDoYj/RzYL.32","action":"GetUpdates", "result":"DeleteReceived", "context":{"id":"2a760e20-46e9-4f1c-b062-aafe8c0f4504", "isDeleted:":"true", "version":"1711546158642"}}
{"logTime": "0401/170458", "correlationVector":"gxgd5Nvp3Jj8MDoYj/RzYL.33","action":"GetUpdates", "result":"DeleteReceived", "context":{"id":"a8646fe6-e286-4590-9c13-ae924bba76eb", "isDeleted:":"true", "version":"1711546158643"}}
{"logTime": "0401/170458", "correlationVector":"gxgd5Nvp3Jj8MDoYj/RzYL.34","action":"GetUpdates", "result":"DeleteReceived", "context":{"id":"811e37f5-2ea0-4507-8c50-e506010442ce", "isDeleted:":"true", "version":"1711546158644"}}
{"logTime": "0401/170458", "correlationVector":"gxgd5Nvp3Jj8MDoYj/RzYL.35","action":"GetUpdates", "result":"DeleteReceived", "context":{"id":"e8017ec8-62cd-4591-8637-4b3c2d5f601e", "isDeleted:":"true", "version":"1711548215376"}}
{"logTime": "0401/170458", "correlationVector":"gxgd5Nvp3Jj8MDoYj/RzYL.36","action":"GetUpdates", "result":"DeleteReceived", "context":{"id":"d1df8cf5-909e-4a9b-93cf-fe34e03fb3f3", "isDeleted:":"true", "version":"1711549865510"}}
{"logTime": "0401/170458", "correlationVector":"gxgd5Nvp3Jj8MDoYj/RzYL.37","action":"GetUpdates", "result":"DeleteReceived", "context":{"id":"3b6e8623-2e5c-4b5e-95f9-5666544380e0", "isDeleted:":"true", "version":"1711550122560"}}
{"logTime": "0401/170458", "correlationVector":"gxgd5Nvp3Jj8MDoYj/RzYL.38","action":"GetUpdates", "result":"DeleteReceived", "context":{"id":"70160285-83bb-4245-83fe-4f64fc1646a4", "isDeleted:":"true", "version":"1711551166919"}}
{"logTime": "0401/170458", "correlationVector":"gxgd5Nvp3Jj8MDoYj/RzYL.39","action":"GetUpdates", "result":"DeleteReceived", "context":{"id":"b9f628c9-2a6c-4718-bda3-533c97f33a0e", "isDeleted:":"true", "version":"1711551166920"}}
{"logTime": "0401/170458", "correlationVector":"gxgd5Nvp3Jj8MDoYj/RzYL.40","action":"GetUpdates", "result":"DeleteReceived", "context":{"id":"d355e95f-a360-49f2-aeea-eb2e55df3168", "isDeleted:":"true", "version":"1711551166921"}}
{"logTime": "0401/170458", "correlationVector":"gxgd5Nvp3Jj8MDoYj/RzYL.41","action":"GetUpdates", "result":"DeleteReceived", "context":{"id":"bbcb3600-cbaa-4f65-a1ce-694bdc0e51c8", "isDeleted:":"true", "version":"1711551166922"}}
{"logTime": "0401/170458", "correlationVector":"gxgd5Nvp3Jj8MDoYj/RzYL.42","action":"GetUpdates", "result":"DeleteReceived", "context":{"id":"f124fbef-2d76-479c-9cf6-4d0ecb48dde9", "isDeleted:":"true", "version":"1711551214823"}}
{"logTime": "0401/170458", "correlationVector":"gxgd5Nvp3Jj8MDoYj/RzYL.43","action":"GetUpdates", "result":"DeleteReceived", "context":{"id":"f7345a24-bbbd-4ef3-8363-94253110c29b", "isDeleted:":"true", "version":"1711551214824"}}
{"logTime": "0401/170458", "correlationVector":"gxgd5Nvp3Jj8MDoYj/RzYL.44","action":"GetUpdates", "result":"DeleteReceived", "context":{"id":"5d502e06-ba0c-44d3-b476-dde6c551e243", "isDeleted:":"true", "version":"1711551214826"}}
{"logTime": "0401/170458", "correlationVector":"gxgd5Nvp3Jj8MDoYj/RzYL.45","action":"GetUpdates", "result":"DeleteReceived", "context":{"id":"264b981c-56f0-4ee3-a440-8ab6f066d679", "isDeleted:":"true", "version":"1711551214827"}}
{"logTime": "0401/170458", "correlationVector":"gxgd5Nvp3Jj8MDoYj/RzYL.46","action":"GetUpdates", "result":"DeleteReceived", "context":{"id":"947080be-5fae-4b74-b9e1-7e03c7a5a1b1", "isDeleted:":"true", "version":"1711551214828"}}
{"logTime": "0401/170458", "correlationVector":"gxgd5Nvp3Jj8MDoYj/RzYL.47","action":"GetUpdates", "result":"DeleteReceived", "context":{"id":"17395c90-28ba-4165-89af-04fd90da3eb1", "isDeleted:":"true", "version":"1711551582330"}}
{"logTime": "0401/170458", "correlationVector":"gxgd5Nvp3Jj8MDoYj/RzYL.48","action":"GetUpdates", "result":"DeleteReceived", "context":{"id":"d14fdc2d-c50c-4368-8ce5-6cc82a6aa9e5", "isDeleted:":"true", "version":"1711553859773"}}
{"logTime": "0401/170458", "correlationVector":"gxgd5Nvp3Jj8MDoYj/RzYL.49","action":"GetUpdates", "result":"DeleteReceived", "context":{"id":"e75c8bed-02f2-46f6-837d-5e601f8f5a89", "isDeleted:":"true", "version":"1711555108168"}}
{"logTime": "0401/170458", "correlationVector":"gxgd5Nvp3Jj8MDoYj/RzYL.50","action":"GetUpdates", "result":"DeleteReceived", "context":{"id":"10dd2806-5d74-4225-a5f7-d60ce528ecd3", "isDeleted:":"true", "version":"1711555108169"}}
{"logTime": "0401/170458", "correlationVector":"gxgd5Nvp3Jj8MDoYj/RzYL.51","action":"GetUpdates", "result":"DeleteReceived", "context":{"id":"c1da8945-6e68-4f83-a3a8-db4d930f8280", "isDeleted:":"true", "version":"1711555108170"}}
{"logTime": "0401/170458", "correlationVector":"gxgd5Nvp3Jj8MDoYj/RzYL.52","action":"GetUpdates", "result":"DeleteReceived", "context":{"id":"d413c82c-d682-4a0f-8f1c-566c1a844880", "isDeleted:":"true", "version":"1711555108171"}}
{"logTime": "0401/170458", "correlationVector":"gxgd5Nvp3Jj8MDoYj/RzYL.53","action":"GetUpdates", "result":"DeleteReceived", "context":{"id":"65713423-5dc1-4578-899f-3458baff4693", "isDeleted:":"true", "version":"1711555108172"}}
{"logTime": "0401/170458", "correlationVector":"gxgd5Nvp3Jj8MDoYj/RzYL.54","action":"GetUpdates", "result":"DeleteReceived", "context":{"id":"c9301c88-b7a5-47f2-8d24-1eaaa13989ab", "isDeleted:":"true", "version":"1711555108173"}}
{"logTime": "0401/170458", "correlationVector":"gxgd5Nvp3Jj8MDoYj/RzYL.55","action":"GetUpdates", "result":"DeleteReceived", "context":{"id":"70bcb87d-f36a-4acd-9105-f03b2fc517be", "isDeleted:":"true", "version":"1711556668270"}}
{"logTime": "0401/170458", "correlationVector":"gxgd5Nvp3Jj8MDoYj/RzYL.56","action":"GetUpdates", "result":"DeleteReceived", "context":{"id":"68fa0624-0158-48e4-a2aa-559701142712", "isDeleted:":"true", "version":"1711560364083"}}
{"logTime": "0401/170458", "correlationVector":"gxgd5Nvp3Jj8MDoYj/RzYL.57","action":"GetUpdates", "result":"DeleteReceived", "context":{"id":"ff382ade-decf-48fa-8d41-09c35b5f30e7", "isDeleted:":"true", "version":"1711560364084"}}
{"logTime": "0401/170458", "correlationVector":"gxgd5Nvp3Jj8MDoYj/RzYL.58","action":"GetUpdates", "result":"DeleteReceived", "context":{"id":"c268f213-1c20-4871-a618-969d1538be4e", "isDeleted:":"true", "version":"1711560563353"}}
{"logTime": "0401/170458", "correlationVector":"gxgd5Nvp3Jj8MDoYj/RzYL.59","action":"GetUpdates", "result":"DeleteReceived", "context":{"id":"73c311bc-495a-4b4b-9319-0ef9a8e460da", "isDeleted:":"true", "version":"1711560563354"}}
{"logTime": "0401/170458", "correlationVector":"gxgd5Nvp3Jj8MDoYj/RzYL.60","action":"GetUpdates", "result":"DeleteReceived", "context":{"id":"e6aa84d2-bf54-4d53-984d-237e616c5c06", "isDeleted:":"true", "version":"1711560563355"}}
{"logTime": "0401/170458", "correlationVector":"gxgd5Nvp3Jj8MDoYj/RzYL.61","action":"GetUpdates", "result":"DeleteReceived", "context":{"id":"b60b3900-24c1-4772-85d6-7d49558d8846", "isDeleted:":"true", "version":"1711560818725"}}
{"logTime": "0401/170458", "correlationVector":"gxgd5Nvp3Jj8MDoYj/RzYL.62","action":"GetUpdates", "result":"DeleteReceived", "context":{"id":"57a4deee-c36a-4b66-add3-02fdeb43fc7e", "isDeleted:":"true", "version":"1711561218800"}}
{"logTime": "0401/170458", "correlationVector":"gxgd5Nvp3Jj8MDoYj/RzYL.63","action":"GetUpdates", "result":"DeleteReceived", "context":{"id":"0a2eaccf-8662-40c2-b715-00f6aa4cea64", "isDeleted:":"true", "version":"1711625283883"}}
{"logTime": "0401/170458", "correlationVector":"gxgd5Nvp3Jj8MDoYj/RzYL.64","action":"GetUpdates", "result":"DeleteReceived", "context":{"id":"612bfbfc-c960-455b-875b-3bfe1fbd4fa8", "isDeleted:":"true", "version":"1711625283884"}}
{"logTime": "0401/170458", "correlationVector":"gxgd5Nvp3Jj8MDoYj/RzYL.65","action":"GetUpdates", "result":"DeleteReceived", "context":{"id":"cb152588-9d23-4f55-9920-315b301214e0", "isDeleted:":"true", "version":"1711626109361"}}
{"logTime": "0401/170458", "correlationVector":"gxgd5Nvp3Jj8MDoYj/RzYL.66","action":"GetUpdates", "result":"DeleteReceived", "context":{"id":"3ec7d6b4-d0d4-4ca2-b6cf-2735cc93b5af", "isDeleted:":"true", "version":"1711626321406"}}
{"logTime": "0401/170458", "correlationVector":"gxgd5Nvp3Jj8MDoYj/RzYL.67","action":"GetUpdates", "result":"DeleteReceived", "context":{"id":"340c0116-069c-444e-9545-05e2f2a22b4e", "isDeleted:":"true", "version":"1711626321407"}}
{"logTime": "0401/170458", "correlationVector":"gxgd5Nvp3Jj8MDoYj/RzYL.68","action":"GetUpdates", "result":"DeleteReceived", "context":{"id":"da61de1b-43f3-4beb-bc41-5f8fd354c0d1", "isDeleted:":"true", "version":"1711626321408"}}
{"logTime": "0401/170458", "correlationVector":"gxgd5Nvp3Jj8MDoYj/RzYL.69","action":"GetUpdates", "result":"DeleteReceived", "context":{"id":"8a27e982-801b-4e4f-929f-40a93e15fada", "isDeleted:":"true", "version":"1711626321410"}}
{"logTime": "0401/170458", "correlationVector":"gxgd5Nvp3Jj8MDoYj/RzYL.70","action":"GetUpdates", "result":"DeleteReceived", "context":{"id":"c78dba10-629d-4023-baf4-6ecf567c9b81", "isDeleted:":"true", "version":"1711635793782"}}
{"logTime": "0401/170458", "correlationVector":"gxgd5Nvp3Jj8MDoYj/RzYL.71","action":"GetUpdates", "result":"DeleteReceived", "context":{"id":"f2658d11-464e-4254-b053-fbde865a030f", "isDeleted:":"true", "version":"1711636473035"}}
{"logTime": "0401/170458", "correlationVector":"gxgd5Nvp3Jj8MDoYj/RzYL.72","action":"GetUpdates", "result":"DeleteReceived", "context":{"id":"810eeea1-9b5f-4e34-98e0-808da0ce2858", "isDeleted:":"true", "version":"1711665539888"}}
{"logTime": "0401/170458", "correlationVector":"gxgd5Nvp3Jj8MDoYj/RzYL.73","action":"GetUpdates", "result":"DeleteReceived", "context":{"id":"b84c8dc1-aa9b-421a-95eb-ceb000960891", "isDeleted:":"true", "version":"1711665945099"}}
{"logTime": "0401/170458", "correlationVector":"gxgd5Nvp3Jj8MDoYj/RzYL.74","action":"GetUpdates", "result":"DeleteReceived", "context":{"id":"c6000f18-943e-4d95-9001-765f33a8ee94", "isDeleted:":"true", "version":"1711667926256"}}
{"logTime": "0401/170458", "correlationVector":"gxgd5Nvp3Jj8MDoYj/RzYL.75","action":"GetUpdates", "result":"DeleteReceived", "context":{"id":"61c6bdc7-10af-4abc-99a0-4d7a7f98a0e7", "isDeleted:":"true", "version":"1711668197178"}}
{"logTime": "0401/170458", "correlationVector":"gxgd5Nvp3Jj8MDoYj/RzYL.76","action":"GetUpdates", "result":"DeleteReceived", "context":{"id":"4591fff7-ff03-4d44-9b8c-f34edf5b72bf", "isDeleted:":"true", "version":"1711669563118"}}
{"logTime": "0401/170458", "correlationVector":"gxgd5Nvp3Jj8MDoYj/RzYL.77","action":"GetUpdates", "result":"DeleteReceived", "context":{"id":"0265cfc2-1b2a-484c-bb0f-a9be43c65651", "isDeleted:":"true", "version":"1711669563120"}}
{"logTime": "0401/170458", "correlationVector":"gxgd5Nvp3Jj8MDoYj/RzYL.78","action":"GetUpdates", "result":"DeleteReceived", "context":{"id":"d9d592f3-eae7-401e-8c9c-4655c8f7d5fa", "isDeleted:":"true", "version":"1711669593516"}}
{"logTime": "0401/170458", "correlationVector":"gxgd5Nvp3Jj8MDoYj/RzYL.79","action":"GetUpdates", "result":"DeleteReceived", "context":{"id":"e2709377-676e-4908-ad60-225d01e0c7b2", "isDeleted:":"true", "version":"1711669898749"}}
{"logTime": "0401/170458", "correlationVector":"gxgd5Nvp3Jj8MDoYj/RzYL.80","action":"GetUpdates", "result":"DeleteReceived", "context":{"id":"b245b2db-da7a-44f9-9541-e36fe9219797", "isDeleted:":"true", "version":"1711669898750"}}
{"logTime": "0401/170458", "correlationVector":"gxgd5Nvp3Jj8MDoYj/RzYL.81","action":"GetUpdates", "result":"DeleteReceived", "context":{"id":"0f5893b4-f333-4d91-8d2e-f4d14384a695", "isDeleted:":"true", "version":"1711684357862"}}
{"logTime": "0401/170458", "correlationVector":"gxgd5Nvp3Jj8MDoYj/RzYL.82","action":"GetUpdates", "result":"DeleteReceived", "context":{"id":"a19985b9-de0e-4ec1-b9d8-a9a7f260c6ce", "isDeleted:":"true", "version":"1711684357863"}}
{"logTime": "0401/170458", "correlationVector":"gxgd5Nvp3Jj8MDoYj/RzYL.83","action":"GetUpdates", "result":"DeleteReceived", "context":{"id":"b3df2d21-46d0-4d7e-ad01-e5f4da18bbc7", "isDeleted:":"true", "version":"1711684357864"}}
{"logTime": "0401/170458", "correlationVector":"gxgd5Nvp3Jj8MDoYj/RzYL.84","action":"GetUpdates", "result":"DeleteReceived", "context":{"id":"decb14a6-0382-4525-a5b6-0cefc8987cfe", "isDeleted:":"true", "version":"1711704051726"}}
{"logTime": "0401/170458", "correlationVector":"gxgd5Nvp3Jj8MDoYj/RzYL.85","action":"GetUpdates", "result":"DeleteReceived", "context":{"id":"38d57925-cd20-4584-a760-91444258a0d2", "isDeleted:":"true", "version":"1711705384314"}}
{"logTime": "0401/170458", "correlationVector":"gxgd5Nvp3Jj8MDoYj/RzYL.86","action":"GetUpdates", "result":"DeleteReceived", "context":{"id":"145c932b-de1c-47e6-8501-8ba5738a184f", "isDeleted:":"true", "version":"1711724627987"}}
{"logTime": "0401/170458", "correlationVector":"gxgd5Nvp3Jj8MDoYj/RzYL.87","action":"GetUpdates", "result":"DeleteReceived", "context":{"id":"bef32035-a51a-4f7e-a0a2-9518ea9bf2a8", "isDeleted:":"true", "version":"1711724627988"}}
{"logTime": "0401/170458", "correlationVector":"gxgd5Nvp3Jj8MDoYj/RzYL.88","action":"GetUpdates", "result":"DeleteReceived", "context":{"id":"7166ef41-1526-4197-8220-04b604326c69", "isDeleted:":"true", "version":"1711724627989"}}
{"logTime": "0401/170458", "correlationVector":"gxgd5Nvp3Jj8MDoYj/RzYL.89","action":"GetUpdates", "result":"DeleteReceived", "context":{"id":"6669dfe4-d0a4-43ac-858e-7a0b60869a12", "isDeleted:":"true", "version":"1711724627990"}}
{"logTime": "0401/170458", "correlationVector":"gxgd5Nvp3Jj8MDoYj/RzYL.90","action":"GetUpdates", "result":"DeleteReceived", "context":{"id":"c1fb3ddc-a1f3-4a19-806d-ae7cc6cc79a7", "isDeleted:":"true", "version":"1711724903446"}}
{"logTime": "0401/170458", "correlationVector":"gxgd5Nvp3Jj8MDoYj/RzYL.91","action":"GetUpdates", "result":"DeleteReceived", "context":{"id":"8007bd33-2595-4fd3-8f5a-cfa27a7e37cf", "isDeleted:":"true", "version":"1711725139227"}}
{"logTime": "0401/170458", "correlationVector":"gxgd5Nvp3Jj8MDoYj/RzYL.92","action":"GetUpdates", "result":"DeleteReceived", "context":{"id":"96c3988c-586f-4ca4-9ac0-90af1503bebd", "isDeleted:":"true", "version":"1711725139228"}}
{"logTime": "0401/170458", "correlationVector":"gxgd5Nvp3Jj8MDoYj/RzYL.93","action":"GetUpdates", "result":"DeleteReceived", "context":{"id":"bbcfaac2-91a4-46f7-a19d-4f732a3e99b2", "isDeleted:":"true", "version":"1711725139229"}}
{"logTime": "0401/170458", "correlationVector":"gxgd5Nvp3Jj8MDoYj/RzYL.94","action":"GetUpdates", "result":"DeleteReceived", "context":{"id":"739bcc68-05de-4ac9-8292-9f2b1bfa9739", "isDeleted:":"true", "version":"1711725139230"}}
{"logTime": "0401/170458", "correlationVector":"gxgd5Nvp3Jj8MDoYj/RzYL.95","action":"GetUpdates", "result":"DeleteReceived", "context":{"id":"33daa157-5e1d-43e1-8fe9-863e505da6be", "isDeleted:":"true", "version":"1711725139231"}}
{"logTime": "0401/170458", "correlationVector":"gxgd5Nvp3Jj8MDoYj/RzYL.96","action":"GetUpdates", "result":"DeleteReceived", "context":{"id":"88db3536-df51-43fd-8099-98c90791d3f8", "isDeleted:":"true", "version":"1711725139232"}}
{"logTime": "0401/170458", "correlationVector":"gxgd5Nvp3Jj8MDoYj/RzYL.97","action":"GetUpdates", "result":"DeleteReceived", "context":{"id":"8a392916-6a67-417d-ac2c-03f097fd9a09", "isDeleted:":"true", "version":"1711725139234"}}
{"logTime": "0401/170458", "correlationVector":"gxgd5Nvp3Jj8MDoYj/RzYL.98","action":"GetUpdates", "result":"DeleteReceived", "context":{"id":"c9f65a25-e4b5-40e9-883d-1cc7d6252bcc", "isDeleted:":"true", "version":"1711725184904"}}
{"logTime": "0401/170458", "correlationVector":"gxgd5Nvp3Jj8MDoYj/RzYL.99","action":"GetUpdates", "result":"DeleteReceived", "context":{"id":"5943f9e3-600c-4145-8c60-630368e2e9f2", "isDeleted:":"true", "version":"1711725993302"}}
{"logTime": "0401/170458", "correlationVector":"gxgd5Nvp3Jj8MDoYj/RzYL.100","action":"GetUpdates", "result":"DeleteReceived", "context":{"id":"07dee8db-9c02-4b02-9f3c-ad67f116d3be", "isDeleted:":"true", "version":"1711726031978"}}
{"logTime": "0401/170458", "correlationVector":"gxgd5Nvp3Jj8MDoYj/RzYL.101","action":"GetUpdates", "result":"DeleteReceived", "context":{"id":"c39fd899-8988-4709-9861-7cbf55f2a7ab", "isDeleted:":"true", "version":"1711726190316"}}
{"logTime": "0401/170458", "correlationVector":"gxgd5Nvp3Jj8MDoYj/RzYL.102","action":"GetUpdates", "result":"DeleteReceived", "context":{"id":"ff4c413f-9a00-4020-8b50-9c8f8e1a5d03", "isDeleted:":"true", "version":"1711729008340"}}
{"logTime": "0401/170458", "correlationVector":"gxgd5Nvp3Jj8MDoYj/RzYL.103","action":"GetUpdates", "result":"DeleteReceived", "context":{"id":"528e5d06-fffa-43b3-a46c-b8f3dd6ce320", "isDeleted:":"true", "version":"1711730011134"}}
{"logTime": "0401/170458", "correlationVector":"gxgd5Nvp3Jj8MDoYj/RzYL.104","action":"GetUpdates", "result":"DeleteReceived", "context":{"id":"df5ede6a-15c0-41a2-9a0a-1b9709db7c70", "isDeleted:":"true", "version":"1711730220596"}}
{"logTime": "0401/170458", "correlationVector":"gxgd5Nvp3Jj8MDoYj/RzYL.105","action":"GetUpdates", "result":"DeleteReceived", "context":{"id":"7c086550-ace0-4436-bf13-a7a2dd8fed92", "isDeleted:":"true", "version":"1711781071344"}}
{"logTime": "0401/170458", "correlationVector":"gxgd5Nvp3Jj8MDoYj/RzYL.106","action":"GetUpdates", "result":"DeleteReceived", "context":{"id":"3ced4f4a-6090-441d-aedd-230ffd1e6ac6", "isDeleted:":"true", "version":"1711781071345"}}
{"logTime": "0401/170458", "correlationVector":"gxgd5Nvp3Jj8MDoYj/RzYL.107","action":"GetUpdates", "result":"DeleteReceived", "context":{"id":"49fd4b59-a2d6-48f7-bdd5-d35009817a57", "isDeleted:":"true", "version":"1711781071346"}}
{"logTime": "0401/170458", "correlationVector":"gxgd5Nvp3Jj8MDoYj/RzYL.108","action":"GetUpdates", "result":"DeleteReceived", "context":{"id":"5afee127-5950-448e-8098-001b35dee207", "isDeleted:":"true", "version":"1711787080009"}}
{"logTime": "0401/170458", "correlationVector":"gxgd5Nvp3Jj8MDoYj/RzYL.109","action":"GetUpdates", "result":"DeleteReceived", "context":{"id":"50c4ae02-e68e-4648-bc2c-e6cba820655c", "isDeleted:":"true", "version":"1711787150383"}}
{"logTime": "0401/170458", "correlationVector":"gxgd5Nvp3Jj8MDoYj/RzYL.110","action":"GetUpdates", "result":"DeleteReceived", "context":{"id":"61f7fd0f-b583-4d6a-ba0b-9acb54c68107", "isDeleted:":"true", "version":"1711794118469"}}
{"logTime": "0401/170458", "correlationVector":"gxgd5Nvp3Jj8MDoYj/RzYL.111","action":"GetUpdates", "result":"DeleteReceived", "context":{"id":"adcaf483-3f30-439e-8f89-01bc9ed2fe18", "isDeleted:":"true", "version":"1711808792301"}}
{"logTime": "0401/170458", "correlationVector":"gxgd5Nvp3Jj8MDoYj/RzYL.112","action":"GetUpdates", "result":"DeleteReceived", "context":{"id":"f989a8f1-c119-4a44-8311-7b4009f77f00", "isDeleted:":"true", "version":"1711808792302"}}
{"logTime": "0401/170458", "correlationVector":"gxgd5Nvp3Jj8MDoYj/RzYL.113","action":"GetUpdates", "result":"DeleteReceived", "context":{"id":"f2abadf2-0446-4533-8d49-88254b8be6ff", "isDeleted:":"true", "version":"1711808792304"}}
{"logTime": "0401/170458", "correlationVector":"gxgd5Nvp3Jj8MDoYj/RzYL.114","action":"GetUpdates", "result":"DeleteReceived", "context":{"id":"6f767400-60bd-4144-ac6c-fc6561de71cb", "isDeleted:":"true", "version":"1711815844228"}}
{"logTime": "0401/170458", "correlationVector":"gxgd5Nvp3Jj8MDoYj/RzYL.115","action":"GetUpdates", "result":"DeleteReceived", "context":{"id":"b9d499e2-2854-4a53-b55a-0abc8e301854", "isDeleted:":"true", "version":"1711815844229"}}
{"logTime": "0401/170458", "correlationVector":"gxgd5Nvp3Jj8MDoYj/RzYL.116","action":"GetUpdates", "result":"DeleteReceived", "context":{"id":"bd269440-78c1-4d2b-9ff8-d7084563051d", "isDeleted:":"true", "version":"1711815844230"}}
{"logTime": "0401/170458", "correlationVector":"gxgd5Nvp3Jj8MDoYj/RzYL.117","action":"GetUpdates", "result":"DeleteReceived", "context":{"id":"bd82d126-9313-48ab-95d3-e23514179c13", "isDeleted:":"true", "version":"1711867147202"}}
{"logTime": "0401/170458", "correlationVector":"gxgd5Nvp3Jj8MDoYj/RzYL.118","action":"GetUpdates", "result":"DeleteReceived", "context":{"id":"82bd2bfe-5dea-4035-873d-b9dbcbe29237", "isDeleted:":"true", "version":"1711880261013"}}
{"logTime": "0401/170458", "correlationVector":"gxgd5Nvp3Jj8MDoYj/RzYL.119","action":"GetUpdates", "result":"DeleteReceived", "context":{"id":"c299394d-4db4-495c-85a7-b874ac0bd196", "isDeleted:":"true", "version":"1711886484937"}}
{"logTime": "0401/170458", "correlationVector":"gxgd5Nvp3Jj8MDoYj/RzYL.120","action":"GetUpdates", "result":"DeleteReceived", "context":{"id":"ba2e2d61-fdde-4a87-9c41-15a5d43132ad", "isDeleted:":"true", "version":"1711886484938"}}
{"logTime": "0401/170458", "correlationVector":"gxgd5Nvp3Jj8MDoYj/RzYL.121","action":"GetUpdates", "result":"DeleteReceived", "context":{"id":"1d1c9a63-bfd4-41eb-a2f2-96167cd2bff6", "isDeleted:":"true", "version":"1711886484939"}}
{"logTime": "0401/170458", "correlationVector":"gxgd5Nvp3Jj8MDoYj/RzYL.122","action":"GetUpdates", "result":"DeleteReceived", "context":{"id":"69a909d4-79d9-4e39-892f-fdafb029e9b6", "isDeleted:":"true", "version":"1711886809616"}}
{"logTime": "0401/170458", "correlationVector":"gxgd5Nvp3Jj8MDoYj/RzYL.123","action":"GetUpdates", "result":"DeleteReceived", "context":{"id":"4dd245cb-680d-4f26-b5d1-cd763a52c62f", "isDeleted:":"true", "version":"1711886923758"}}
{"logTime": "0401/170458", "correlationVector":"gxgd5Nvp3Jj8MDoYj/RzYL.124","action":"GetUpdates", "result":"DeleteReceived", "context":{"id":"66dcbe48-7734-4648-a286-c98d9d4b21e7", "isDeleted:":"true", "version":"1711888321230"}}
{"logTime": "0401/170458", "correlationVector":"gxgd5Nvp3Jj8MDoYj/RzYL.125","action":"GetUpdates", "result":"DeleteReceived", "context":{"id":"c345311b-356d-41fc-bb3f-3a69bff962c5", "isDeleted:":"true", "version":"1711903456661"}}
{"logTime": "0401/170458", "correlationVector":"gxgd5Nvp3Jj8MDoYj/RzYL.126","action":"GetUpdates", "result":"DeleteReceived", "context":{"id":"8da7a716-58e9-4d5c-84b6-f9b693209157", "isDeleted:":"true", "version":"1711903490565"}}
{"logTime": "0401/170458", "correlationVector":"gxgd5Nvp3Jj8MDoYj/RzYL.127","action":"GetUpdates", "result":"DeleteReceived", "context":{"id":"7c8caa5b-5739-493d-b776-806becc10793", "isDeleted:":"true", "version":"1711903490566"}}
{"logTime": "0401/170458", "correlationVector":"gxgd5Nvp3Jj8MDoYj/RzYL.128","action":"GetUpdates", "result":"DeleteReceived", "context":{"id":"42d4d7ad-8deb-4fdb-8e5e-ac1b6647630e", "isDeleted:":"true", "version":"1711903490567"}}
{"logTime": "0401/170458", "correlationVector":"gxgd5Nvp3Jj8MDoYj/RzYL.129","action":"GetUpdates", "result":"DeleteReceived", "context":{"id":"a8c57578-9efe-4c94-975f-8612a125016c", "isDeleted:":"true", "version":"1711903490568"}}
{"logTime": "0401/170458", "correlationVector":"gxgd5Nvp3Jj8MDoYj/RzYL.130","action":"GetUpdates", "result":"DeleteReceived", "context":{"id":"8bde526f-5d17-4e3c-a498-989b89e4cba7", "isDeleted:":"true", "version":"1711913467849"}}
{"logTime": "0401/170458", "correlationVector":"gxgd5Nvp3Jj8MDoYj/RzYL.131","action":"GetUpdates", "result":"DeleteReceived", "context":{"id":"1cc39ff8-c942-4a56-8eb1-01a5c2f9b403", "isDeleted:":"true", "version":"1711913467851"}}
{"logTime": "0401/170458", "correlationVector":"gxgd5Nvp3Jj8MDoYj/RzYL.132","action":"GetUpdates", "result":"DeleteReceived", "context":{"id":"2135a2ce-23bd-4a49-b7b9-a35d3d31bf78", "isDeleted:":"true", "version":"1711913467852"}}
{"logTime": "0401/170458", "correlationVector":"gxgd5Nvp3Jj8MDoYj/RzYL.133","action":"GetUpdates", "result":"DeleteReceived", "context":{"id":"55aa88d9-0d05-4f34-afb7-174a7f0dcbbb", "isDeleted:":"true", "version":"1711913467853"}}
{"logTime": "0401/170458", "correlationVector":"gxgd5Nvp3Jj8MDoYj/RzYL.134","action":"GetUpdates", "result":"DeleteReceived", "context":{"id":"62e5a235-99f7-43df-80cb-54500e5df8be", "isDeleted:":"true", "version":"1711918750798"}}
{"logTime": "0401/170458", "correlationVector":"gxgd5Nvp3Jj8MDoYj/RzYL.135","action":"GetUpdates", "result":"DeleteReceived", "context":{"id":"a4718c8d-af73-41e0-b72f-2cc68e1f1035", "isDeleted:":"true", "version":"1711918750799"}}
{"logTime": "0401/170458", "correlationVector":"gxgd5Nvp3Jj8MDoYj/RzYL.136","action":"GetUpdates", "result":"DeleteReceived", "context":{"id":"b7ddd5e0-1862-4ce8-bc68-a6ce6b552eed", "isDeleted:":"true", "version":"1711918750800"}}
{"logTime": "0401/170458", "correlationVector":"gxgd5Nvp3Jj8MDoYj/RzYL.137","action":"GetUpdates", "result":"DeleteReceived", "context":{"id":"c54bf487-6d5c-4f4a-9926-617d79dd902c", "isDeleted:":"true", "version":"1711918750802"}}
{"logTime": "0401/170458", "correlationVector":"gxgd5Nvp3Jj8MDoYj/RzYL.138","action":"GetUpdates", "result":"DeleteReceived", "context":{"id":"d912f465-59bb-421a-b22e-e698fcd8bc10", "isDeleted:":"true", "version":"1711945309966"}}
{"logTime": "0401/170458", "correlationVector":"gxgd5Nvp3Jj8MDoYj/RzYL.139","action":"GetUpdates", "result":"DeleteReceived", "context":{"id":"32871886-b748-4fa7-a3be-fe5d3c93b846", "isDeleted:":"true", "version":"1711980340169"}}
{"logTime": "0401/170458", "correlationVector":"gxgd5Nvp3Jj8MDoYj/RzYL.140","action":"GetUpdates", "result":"DeleteReceived", "context":{"id":"83adc6db-1fd2-4cce-a2dc-fd1c1e3065cc", "isDeleted:":"true", "version":"1711980340170"}}
{"logTime": "0401/170458", "correlationVector":"gxgd5Nvp3Jj8MDoYj/RzYL.141","action":"GetUpdates", "result":"DeleteReceived", "context":{"id":"3131c0ab-1bc7-425f-8a3d-8bec2edd015b", "isDeleted:":"true", "version":"1711980340171"}}
{"logTime": "0401/170458", "correlationVector":"gxgd5Nvp3Jj8MDoYj/RzYL.142","action":"GetUpdates", "result":"DeleteReceived", "context":{"id":"2180abaf-7dea-4294-b628-3580be436116", "isDeleted:":"true", "version":"1711980340172"}}
{"logTime": "0401/170458", "correlationVector":"gxgd5Nvp3Jj8MDoYj/RzYL.143","action":"GetUpdates", "result":"DeleteReceived", "context":{"id":"4f14f20c-0d4c-475c-a7f7-dd7007b2371d", "isDeleted:":"true", "version":"1711985683086"}}
{"logTime": "0401/170458", "correlationVector":"gxgd5Nvp3Jj8MDoYj/RzYL.144","action":"GetUpdates", "result":"DeleteReceived", "context":{"id":"f6036c72-2c81-4d33-89b5-a0830a5ba387", "isDeleted:":"true", "version":"1711986593639"}}
{"logTime": "0401/170458", "correlationVector":"gxgd5Nvp3Jj8MDoYj/RzYL.145","action":"GetUpdates", "result":"DeleteReceived", "context":{"id":"aaf0a6b4-4134-40c7-a2fb-afeb8bd19854", "isDeleted:":"true", "version":"1711986593640"}}
{"logTime": "0401/170458", "correlationVector":"gxgd5Nvp3Jj8MDoYj/RzYL.146","action":"GetUpdates", "result":"DeleteReceived", "context":{"id":"243b1955-25c6-4f53-ae71-a28ae67e417b", "isDeleted:":"true", "version":"1711986593641"}}
{"logTime": "0401/170458", "correlationVector":"gxgd5Nvp3Jj8MDoYj/RzYL.147","action":"GetUpdates", "result":"DeleteReceived", "context":{"id":"93786057-14ea-4966-8a73-c531526aca02", "isDeleted:":"true", "version":"1711986593642"}}
{"logTime": "0401/170458", "correlationVector":"gxgd5Nvp3Jj8MDoYj/RzYL.148","action":"GetUpdates", "result":"DeleteReceived", "context":{"id":"221030d0-8c7e-4428-a4ca-c7124bcc3187", "isDeleted:":"true", "version":"1711990545169"}}
{"logTime": "0401/170458", "correlationVector":"gxgd5Nvp3Jj8MDoYj/RzYL.149","action":"GetUpdates Response", "result":"Success", "context":Received 179 update(s). cV=gxgd5Nvp3Jj8MDoYj/RzYL.0;server=GENERAL03000027;cloudType=Consumer;environment=Prod_SoutheastAsia_000j;migrationStage=NotStarted}
{"logTime": "0401/170458", "correlationVector":"EFGEMetm3qg3R/Es1tNn7a","action":"Normal GetUpdate request", "result":"", "context":cV=EFGEMetm3qg3R/Es1tNn7a
Nudged types: Bookmarks, Sessions, Device Info
Refresh requested types: Bookmarks, Preferences, Passwords, Autofill Profiles, Typed URLs, Extensions, Sessions, Extension settings, History Delete Directives, Device Info, User Consents, Send Tab To Self, Web Apps, Collection, Edge E Drop, Edge Hub App Usage, Edge Tab Group, Edge Wallet, Encryption Keys}
{"logTime": "0401/170459", "correlationVector":"EFGEMetm3qg3R/Es1tNn7a.1","action":"SyncServerConnectionManagerRequest", "result":"SYNC_SERVER_OK", "context":{"environment":"Prod_SoutheastAsia_000j", "migrationStage":"NotStarted", "server":"GENERAL0300000T"}}
{"logTime": "0401/170459", "correlationVector":"EFGEMetm3qg3R/Es1tNn7a.2","action":"GetUpdates Response", "result":"Success", "context":Received 0 update(s). cV=EFGEMetm3qg3R/Es1tNn7a.0;server=GENERAL0300000T;cloudType=Consumer;environment=Prod_SoutheastAsia_000j;migrationStage=NotStarted}
{"logTime": "0401/170459", "correlationVector":"C91oFY0oc7fImvQY8s9kTX","action":"Commit Request", "result":"", "context":Item count: 33
Contributing types: Bookmarks, Typed URLs, Sessions, Device Info}
{"logTime": "0401/170500", "correlationVector":"C91oFY0oc7fImvQY8s9kTX.1","action":"SyncServerConnectionManagerRequest", "result":"SYNC_SERVER_OK", "context":{"environment":"Prod_SoutheastAsia_000j", "migrationStage":"NotStarted", "server":"GENERAL0100001H"}}
{"logTime": "0401/170500", "correlationVector":"C91oFY0oc7fImvQY8s9kTX.2","action":"Commit Response", "result":"Success", "context":Result: Success. cV=C91oFY0oc7fImvQY8s9kTX.0;server=GENERAL0100001H;cloudType=Consumer;environment=Prod_SoutheastAsia_000j;migrationStage=NotStarted}
{"logTime": "0401/170507", "correlationVector":"w42j/l6cJCAycWwOGudhet","action":"Commit Request", "result":"", "context":Item count: 40
Contributing types: Passwords}
{"logTime": "0401/170509", "correlationVector":"w42j/l6cJCAycWwOGudhet.1","action":"SyncServerConnectionManagerRequest", "result":"SYNC_SERVER_OK", "context":{"environment":"Prod_SoutheastAsia_000j", "migrationStage":"NotStarted", "server":"GENERAL0300000W"}}
{"logTime": "0401/170509", "correlationVector":"w42j/l6cJCAycWwOGudhet.2","action":"Commit Response", "result":"Success", "context":Result: Success. cV=w42j/l6cJCAycWwOGudhet.0;server=GENERAL0300000W;cloudType=Consumer;environment=Prod_SoutheastAsia_000j;migrationStage=NotStarted}
{"logTime": "0401/170509", "correlationVector":"JEmt85++grdw668jcF6Rh+","action":"Commit Request", "result":"", "context":Item count: 32
Contributing types: Preferences, Passwords}
{"logTime": "0401/170511", "correlationVector":"JEmt85++grdw668jcF6Rh+.1","action":"SyncServerConnectionManagerRequest", "result":"SYNC_SERVER_OK", "context":{"environment":"Prod_SoutheastAsia_000j", "migrationStage":"NotStarted", "server":"GENERAL0100001H"}}
{"logTime": "0401/170511", "correlationVector":"JEmt85++grdw668jcF6Rh+.2","action":"Commit Response", "result":"Success", "context":Result: Success. cV=JEmt85++grdw668jcF6Rh+.0;server=GENERAL0100001H;cloudType=Consumer;environment=Prod_SoutheastAsia_000j;migrationStage=NotStarted}
{"logTime": "0401/170554", "correlationVector":"+osRzkwMOkCIP8E2x7AEEy","action":"Normal GetUpdate request", "result":"", "context":cV=+osRzkwMOkCIP8E2x7AEEy
Nudged types: Passwords, Sessions}
{"logTime": "0401/170554", "correlationVector":"+osRzkwMOkCIP8E2x7AEEy.1","action":"SyncServerConnectionManagerRequest", "result":"SYNC_SERVER_OK", "context":{"environment":"Prod_SoutheastAsia_000j", "migrationStage":"NotStarted", "server":"GENERAL0100000N"}}
{"logTime": "0401/170554", "correlationVector":"+osRzkwMOkCIP8E2x7AEEy.2","action":"GetUpdates Response", "result":"Success", "context":Received 106 update(s). cV=+osRzkwMOkCIP8E2x7AEEy.0;server=GENERAL0100000N;cloudType=Consumer;environment=Prod_SoutheastAsia_000j;migrationStage=NotStarted}
{"logTime": "0401/170554", "correlationVector":"TdfcA8uUtWgB7TbVb63uis","action":"Commit Request", "result":"", "context":Item count: 2
Contributing types: Passwords, Sessions}
{"logTime": "0401/170555", "correlationVector":"TdfcA8uUtWgB7TbVb63uis.1","action":"SyncServerConnectionManagerRequest", "result":"SYNC_SERVER_OK", "context":{"environment":"Prod_SoutheastAsia_000j", "migrationStage":"NotStarted", "server":"GENERAL01000015"}}
{"logTime": "0401/170555", "correlationVector":"TdfcA8uUtWgB7TbVb63uis.2","action":"Commit Response", "result":"Success", "context":Result: Success. cV=TdfcA8uUtWgB7TbVb63uis.0;server=GENERAL01000015;cloudType=Consumer;environment=Prod_SoutheastAsia_000j;migrationStage=NotStarted}
{"logTime": "0401/170557", "correlationVector":"Wg8mOxVXInX007Nrq0+zNq","action":"Normal GetUpdate request", "result":"", "context":cV=Wg8mOxVXInX007Nrq0+zNq
Notified types: Passwords}
{"logTime": "0401/170557", "correlationVector":"Wg8mOxVXInX007Nrq0+zNq.1","action":"SyncServerConnectionManagerRequest", "result":"SYNC_SERVER_OK", "context":{"environment":"Prod_SoutheastAsia_000j", "migrationStage":"NotStarted", "server":"GENERAL01000004"}}
{"logTime": "0401/170557", "correlationVector":"Wg8mOxVXInX007Nrq0+zNq.2","action":"GetUpdates Response", "result":"Success", "context":Received 2 update(s). cV=Wg8mOxVXInX007Nrq0+zNq.0;server=GENERAL01000004;cloudType=Consumer;environment=Prod_SoutheastAsia_000j;migrationStage=NotStarted}
{"logTime": "0401/170851", "correlationVector":"5K2d2wGBUdjsPaNW/FiHBd","action":"Normal GetUpdate request", "result":"", "context":cV=5K2d2wGBUdjsPaNW/FiHBd
Nudged types: Preferences
Refresh requested types: Bookmarks, Preferences, Passwords, Autofill Profiles, Typed URLs, Extensions, Sessions, Extension settings, History Delete Directives, Device Info, User Consents, Send Tab To Self, Web Apps, Collection, Edge E Drop, Edge Hub App Usage, Edge Tab Group, Edge Wallet, Encryption Keys}
{"logTime": "0401/170851", "correlationVector":"5K2d2wGBUdjsPaNW/FiHBd.1","action":"SyncServerConnectionManagerRequest", "result":"SYNC_SERVER_OK", "context":{"environment":"Prod_SoutheastAsia_000j", "migrationStage":"NotStarted", "server":"GENERAL0100001F"}}
{"logTime": "0401/170851", "correlationVector":"5K2d2wGBUdjsPaNW/FiHBd.2","action":"GetUpdates Response", "result":"Success", "context":Received 0 update(s). cV=5K2d2wGBUdjsPaNW/FiHBd.0;server=GENERAL0100001F;cloudType=Consumer;environment=Prod_SoutheastAsia_000j;migrationStage=NotStarted}
{"logTime": "0401/170851", "correlationVector":"XWroFxKeshGCYdK+ZguWHG","action":"Commit Request", "result":"", "context":Item count: 1
Contributing types: Preferences}
{"logTime": "0401/170852", "correlationVector":"XWroFxKeshGCYdK+ZguWHG.1","action":"SyncServerConnectionManagerRequest", "result":"SYNC_SERVER_OK", "context":{"environment":"Prod_SoutheastAsia_000j", "migrationStage":"NotStarted", "server":"GENERAL0300002E"}}
{"logTime": "0401/170852", "correlationVector":"XWroFxKeshGCYdK+ZguWHG.2","action":"Commit Response", "result":"Success", "context":Result: Success. cV=XWroFxKeshGCYdK+ZguWHG.0;server=GENERAL0300002E;cloudType=Consumer;environment=Prod_SoutheastAsia_000j;migrationStage=NotStarted}
{"logTime": "0401/173040", "correlationVector":"sw67Ez9I3fJWTeiJqwGz+6","action":"Normal GetUpdate request", "result":"", "context":cV=sw67Ez9I3fJWTeiJqwGz+6
Notified types: Typed URLs}
{"logTime": "0401/173041", "correlationVector":"sw67Ez9I3fJWTeiJqwGz+6.1","action":"SyncServerConnectionManagerRequest", "result":"SYNC_SERVER_OK", "context":{"environment":"Prod_EastAsia_000d", "migrationStage":"NotStarted", "server":"GENERAL0100001U"}}
{"logTime": "0401/173041", "correlationVector":"sw67Ez9I3fJWTeiJqwGz+6.2","action":"GetUpdates", "result":"DeleteReceived", "context":{"id":"1dfd583d-b5c9-44b0-980a-111b73dd56be", "isDeleted:":"true", "version":"1711992176753"}}
{"logTime": "0401/173041", "correlationVector":"sw67Ez9I3fJWTeiJqwGz+6.3","action":"GetUpdates Response", "result":"Success", "context":Received 6 update(s). cV=sw67Ez9I3fJWTeiJqwGz+6.0;server=GENERAL0100001U;cloudType=Consumer;environment=Prod_EastAsia_000d;migrationStage=NotStarted}
